stm32l4xx_hal_hcd.c:127:19:HAL_HCD_Init	72	static
stm32l4xx_hal_hcd.c:190:19:HAL_HCD_HC_Init	48	static
stm32l4xx_hal_hcd.c:229:19:HAL_HCD_HC_Halt	24	static
stm32l4xx_hal_hcd.c:245:19:HAL_HCD_DeInit	16	static
stm32l4xx_hal_hcd.c:270:14:HAL_HCD_MspInit	16	static
stm32l4xx_hal_hcd.c:285:14:HAL_HCD_MspDeInit	16	static
stm32l4xx_hal_hcd.c:337:19:HAL_HCD_HC_SubmitRequest	16	static
stm32l4xx_hal_hcd.c:461:6:HAL_HCD_IRQHandler	32	static
stm32l4xx_hal_hcd.c:564:13:HAL_HCD_SOF_Callback	16	static
stm32l4xx_hal_hcd.c:579:13:HAL_HCD_Connect_Callback	16	static
stm32l4xx_hal_hcd.c:594:13:HAL_HCD_Disconnect_Callback	16	static
stm32l4xx_hal_hcd.c:619:13:HAL_HCD_HC_NotifyURBChange_Callback	16	static
stm32l4xx_hal_hcd.c:655:19:HAL_HCD_Start	16	static
stm32l4xx_hal_hcd.c:670:19:HAL_HCD_Stop	16	static
stm32l4xx_hal_hcd.c:683:19:HAL_HCD_ResetPort	16	static
stm32l4xx_hal_hcd.c:712:18:HAL_HCD_GetState	16	static
stm32l4xx_hal_hcd.c:731:21:HAL_HCD_HC_GetURBState	16	static
stm32l4xx_hal_hcd.c:744:10:HAL_HCD_HC_GetXferCount	16	static
stm32l4xx_hal_hcd.c:766:21:HAL_HCD_HC_GetState	16	static
stm32l4xx_hal_hcd.c:776:10:HAL_HCD_GetCurrentFrame	16	static
stm32l4xx_hal_hcd.c:786:10:HAL_HCD_GetCurrentSpeed	16	static
stm32l4xx_hal_hcd.c:809:13:HCD_HC_IN_IRQHandler	32	static
stm32l4xx_hal_hcd.c:954:13:HCD_HC_OUT_IRQHandler	32	static
stm32l4xx_hal_hcd.c:1097:13:HCD_RXQLVL_IRQHandler	40	static
stm32l4xx_hal_hcd.c:1150:13:HCD_Port_IRQHandler	32	static
