Archive member included to satisfy reference by file (symbol)

d:/programy/atollic/truestudio for stm32 9.0.1/armtools/bin/../lib/gcc/arm-atollic-eabi/6.3.1/../../../../arm-atollic-eabi/lib/armv7e-m/fpu\libc_nano.a(lib_a-init.o)
                              Application\TrueSTUDIO\startup_stm32l476xx.o (__libc_init_array)
d:/programy/atollic/truestudio for stm32 9.0.1/armtools/bin/../lib/gcc/arm-atollic-eabi/6.3.1/../../../../arm-atollic-eabi/lib/armv7e-m/fpu\libc_nano.a(lib_a-malloc.o)
                              Drivers\BSP\STM32L476G-Discovery\stm32l476g_discovery_audio.o (malloc)
d:/programy/atollic/truestudio for stm32 9.0.1/armtools/bin/../lib/gcc/arm-atollic-eabi/6.3.1/../../../../arm-atollic-eabi/lib/armv7e-m/fpu\libc_nano.a(lib_a-memcpy-stub.o)
                              Drivers\BSP\Components\m24sr\m24sr.o (memcpy)
d:/programy/atollic/truestudio for stm32 9.0.1/armtools/bin/../lib/gcc/arm-atollic-eabi/6.3.1/../../../../arm-atollic-eabi/lib/armv7e-m/fpu\libc_nano.a(lib_a-memset.o)
                              Drivers\BSP\STM32L476G-Discovery\stm32l476g_discovery_audio.o (memset)
d:/programy/atollic/truestudio for stm32 9.0.1/armtools/bin/../lib/gcc/arm-atollic-eabi/6.3.1/../../../../arm-atollic-eabi/lib/armv7e-m/fpu\libc_nano.a(lib_a-nano-freer.o)
                              d:/programy/atollic/truestudio for stm32 9.0.1/armtools/bin/../lib/gcc/arm-atollic-eabi/6.3.1/../../../../arm-atollic-eabi/lib/armv7e-m/fpu\libc_nano.a(lib_a-malloc.o) (_free_r)
d:/programy/atollic/truestudio for stm32 9.0.1/armtools/bin/../lib/gcc/arm-atollic-eabi/6.3.1/../../../../arm-atollic-eabi/lib/armv7e-m/fpu\libc_nano.a(lib_a-nano-mallocr.o)
                              d:/programy/atollic/truestudio for stm32 9.0.1/armtools/bin/../lib/gcc/arm-atollic-eabi/6.3.1/../../../../arm-atollic-eabi/lib/armv7e-m/fpu\libc_nano.a(lib_a-malloc.o) (_malloc_r)
d:/programy/atollic/truestudio for stm32 9.0.1/armtools/bin/../lib/gcc/arm-atollic-eabi/6.3.1/../../../../arm-atollic-eabi/lib/armv7e-m/fpu\libc_nano.a(lib_a-sbrkr.o)
                              d:/programy/atollic/truestudio for stm32 9.0.1/armtools/bin/../lib/gcc/arm-atollic-eabi/6.3.1/../../../../arm-atollic-eabi/lib/armv7e-m/fpu\libc_nano.a(lib_a-nano-mallocr.o) (_sbrk_r)
d:/programy/atollic/truestudio for stm32 9.0.1/armtools/bin/../lib/gcc/arm-atollic-eabi/6.3.1/../../../../arm-atollic-eabi/lib/armv7e-m/fpu\libc_nano.a(lib_a-sprintf.o)
                              Application\User\main.o (sprintf)
d:/programy/atollic/truestudio for stm32 9.0.1/armtools/bin/../lib/gcc/arm-atollic-eabi/6.3.1/../../../../arm-atollic-eabi/lib/armv7e-m/fpu\libc_nano.a(lib_a-impure.o)
                              d:/programy/atollic/truestudio for stm32 9.0.1/armtools/bin/../lib/gcc/arm-atollic-eabi/6.3.1/../../../../arm-atollic-eabi/lib/armv7e-m/fpu\libc_nano.a(lib_a-malloc.o) (_impure_ptr)
d:/programy/atollic/truestudio for stm32 9.0.1/armtools/bin/../lib/gcc/arm-atollic-eabi/6.3.1/../../../../arm-atollic-eabi/lib/armv7e-m/fpu\libc_nano.a(lib_a-mlock.o)
                              d:/programy/atollic/truestudio for stm32 9.0.1/armtools/bin/../lib/gcc/arm-atollic-eabi/6.3.1/../../../../arm-atollic-eabi/lib/armv7e-m/fpu\libc_nano.a(lib_a-nano-freer.o) (__malloc_lock)
d:/programy/atollic/truestudio for stm32 9.0.1/armtools/bin/../lib/gcc/arm-atollic-eabi/6.3.1/../../../../arm-atollic-eabi/lib/armv7e-m/fpu\libc_nano.a(lib_a-nano-svfprintf.o)
                              d:/programy/atollic/truestudio for stm32 9.0.1/armtools/bin/../lib/gcc/arm-atollic-eabi/6.3.1/../../../../arm-atollic-eabi/lib/armv7e-m/fpu\libc_nano.a(lib_a-sprintf.o) (_svfprintf_r)
d:/programy/atollic/truestudio for stm32 9.0.1/armtools/bin/../lib/gcc/arm-atollic-eabi/6.3.1/../../../../arm-atollic-eabi/lib/armv7e-m/fpu\libc_nano.a(lib_a-nano-vfprintf_i.o)
                              d:/programy/atollic/truestudio for stm32 9.0.1/armtools/bin/../lib/gcc/arm-atollic-eabi/6.3.1/../../../../arm-atollic-eabi/lib/armv7e-m/fpu\libc_nano.a(lib_a-nano-svfprintf.o) (_printf_i)
d:/programy/atollic/truestudio for stm32 9.0.1/armtools/bin/../lib/gcc/arm-atollic-eabi/6.3.1/../../../../arm-atollic-eabi/lib/armv7e-m/fpu\libc_nano.a(lib_a-reent.o)
                              d:/programy/atollic/truestudio for stm32 9.0.1/armtools/bin/../lib/gcc/arm-atollic-eabi/6.3.1/../../../../arm-atollic-eabi/lib/armv7e-m/fpu\libc_nano.a(lib_a-sbrkr.o) (errno)
d:/programy/atollic/truestudio for stm32 9.0.1/armtools/bin/../lib/gcc/arm-atollic-eabi/6.3.1/../../../../arm-atollic-eabi/lib/armv7e-m/fpu\libc_nano.a(lib_a-memchr.o)
                              d:/programy/atollic/truestudio for stm32 9.0.1/armtools/bin/../lib/gcc/arm-atollic-eabi/6.3.1/../../../../arm-atollic-eabi/lib/armv7e-m/fpu\libc_nano.a(lib_a-nano-svfprintf.o) (memchr)
d:/programy/atollic/truestudio for stm32 9.0.1/armtools/bin/../lib/gcc/arm-atollic-eabi/6.3.1/../../../../arm-atollic-eabi/lib/armv7e-m/fpu\libc_nano.a(lib_a-memmove.o)
[...]
Memory Configuration

Name             Origin             Length             Attributes
RAM              0x20000000         0x00018000         xrw
RAM2             0x10000000         0x00008000         xrw
FLASH            0x08000000         0x00100000         xr
*default*        0x00000000         0xffffffff

Linker script and memory map

LOAD d:/programy/atollic/truestudio for stm32 9.0.1/armtools/bin/../lib/gcc/arm-atollic-eabi/6.3.1/armv7e-m/fpu/crti.o
LOAD d:/programy/atollic/truestudio for stm32 9.0.1/armtools/bin/../lib/gcc/arm-atollic-eabi/6.3.1/armv7e-m/fpu/crtbegin.o
LOAD Application\TrueSTUDIO\startup_stm32l476xx.o
LOAD Application\User\dac.o
LOAD Application\User\dfsdm.o
LOAD Application\User\dma.o
LOAD Application\User\gpio.o
LOAD Application\User\i2c.o
LOAD Application\User\lcd.o
LOAD Application\User\main.o
LOAD Application\User\quadspi.o
LOAD Application\User\sai.o
LOAD Application\User\spi.o
LOAD Application\User\stm32l4xx_hal_msp.o
LOAD Application\User\stm32l4xx_it.o
LOAD Application\User\usart.o
LOAD Application\User\usb_host.o
LOAD Application\User\usbh_conf.o
LOAD Application\User\usbh_platform.o
LOAD Drivers\BSP\Components\cs42l51\cs42l51.o
LOAD Drivers\BSP\Components\cs43l22\cs43l22.o
LOAD Drivers\BSP\Components\ft3x67\ft3x67.o
LOAD Drivers\BSP\Components\ft5336\ft5336.o
LOAD Drivers\BSP\Components\ft6x06\ft6x06.o
LOAD Drivers\BSP\Components\hts221\hts221.o
LOAD Drivers\BSP\Components\hx8347g\hx8347g.o
LOAD Drivers\BSP\Components\l3gd20\l3gd20.o
LOAD Drivers\BSP\Components\lis3mdl\lis3mdl.o
LOAD Drivers\BSP\Components\lps22hb\lps22hb.o
LOAD Drivers\BSP\Components\ls016b8uy\ls016b8uy.o
LOAD Drivers\BSP\Components\lsm303c\lsm303c.o
LOAD Drivers\BSP\Components\lsm303dlhc\lsm303dlhc.o
LOAD Drivers\BSP\Components\lsm6dsl\lsm6dsl.o
LOAD Drivers\BSP\Components\m24sr\m24sr.o
LOAD Drivers\BSP\Components\mfxstm32l152\mfxstm32l152.o
LOAD Drivers\BSP\Components\ov9655\ov9655.o
LOAD Drivers\BSP\Components\st7735\st7735.o
LOAD Drivers\BSP\Components\st7789h2\st7789h2.o
LOAD Drivers\BSP\Components\stmpe1600\stmpe1600.o
LOAD Drivers\BSP\Components\stmpe811\stmpe811.o
LOAD Drivers\BSP\Components\wm8994\wm8994.o
LOAD Drivers\BSP\STM32L476G-Discovery\stm32l476g_discovery.o
LOAD Drivers\BSP\STM32L476G-Discovery\stm32l476g_discovery_audio.o
LOAD Drivers\BSP\STM32L476G-Discovery\stm32l476g_discovery_compass.o
LOAD Drivers\BSP\STM32L476G-Discovery\stm32l476g_discovery_glass_lcd.o
LOAD Drivers\BSP\STM32L476G-Discovery\stm32l476g_discovery_gyroscope.o
LOAD Drivers\BSP\STM32L476G-Discovery\stm32l476g_discovery_idd.o
LOAD Drivers\BSP\STM32L476G-Discovery\stm32l476g_discovery_qspi.o
LOAD Drivers\CMSIS\system_stm32l4xx.o
LOAD Drivers\STM32L4xx_HAL_Driver\stm32l4xx_hal.o
LOAD Drivers\STM32L4xx_HAL_Driver\stm32l4xx_hal_cortex.o
LOAD Drivers\STM32L4xx_HAL_Driver\stm32l4xx_hal_dac.o
LOAD Drivers\STM32L4xx_HAL_Driver\stm32l4xx_hal_dac_ex.o
LOAD Drivers\STM32L4xx_HAL_Driver\stm32l4xx_hal_dfsdm.o
LOAD Drivers\STM32L4xx_HAL_Driver\stm32l4xx_hal_dma.o
LOAD Drivers\STM32L4xx_HAL_Driver\stm32l4xx_hal_dma_ex.o
LOAD Drivers\STM32L4xx_HAL_Driver\stm32l4xx_hal_flash.o
LOAD Drivers\STM32L4xx_HAL_Driver\stm32l4xx_hal_flash_ex.o
LOAD Drivers\STM32L4xx_HAL_Driver\stm32l4xx_hal_flash_ramfunc.o
LOAD Drivers\STM32L4xx_HAL_Driver\stm32l4xx_hal_gpio.o
LOAD Drivers\STM32L4xx_HAL_Driver\stm32l4xx_hal_hcd.o
LOAD Drivers\STM32L4xx_HAL_Driver\stm32l4xx_hal_i2c.o
LOAD Drivers\STM32L4xx_HAL_Driver\stm32l4xx_hal_i2c_ex.o
LOAD Drivers\STM32L4xx_HAL_Driver\stm32l4xx_hal_lcd.o
LOAD Drivers\STM32L4xx_HAL_Driver\stm32l4xx_hal_pwr.o
LOAD Drivers\STM32L4xx_HAL_Driver\stm32l4xx_hal_pwr_ex.o
LOAD Drivers\STM32L4xx_HAL_Driver\stm32l4xx_hal_qspi.o
LOAD Drivers\STM32L4xx_HAL_Driver\stm32l4xx_hal_rcc.o
LOAD Drivers\STM32L4xx_HAL_Driver\stm32l4xx_hal_rcc_ex.o
LOAD Drivers\STM32L4xx_HAL_Driver\stm32l4xx_hal_sai.o
LOAD Drivers\STM32L4xx_HAL_Driver\stm32l4xx_hal_sai_ex.o
LOAD Drivers\STM32L4xx_HAL_Driver\stm32l4xx_hal_spi.o
LOAD Drivers\STM32L4xx_HAL_Driver\stm32l4xx_hal_spi_ex.o
LOAD Drivers\STM32L4xx_HAL_Driver\stm32l4xx_hal_tim.o
LOAD Drivers\STM32L4xx_HAL_Driver\stm32l4xx_hal_tim_ex.o
LOAD Drivers\STM32L4xx_HAL_Driver\stm32l4xx_hal_uart.o
LOAD Drivers\STM32L4xx_HAL_Driver\stm32l4xx_hal_uart_ex.o
LOAD Drivers\STM32L4xx_HAL_Driver\stm32l4xx_ll_usb.o
LOAD Middlewares\USB_Host_Library\usbh_cdc.o
LOAD Middlewares\USB_Host_Library\usbh_core.o
LOAD Middlewares\USB_Host_Library\usbh_ctlreq.o
LOAD Middlewares\USB_Host_Library\usbh_ioreq.o
LOAD Middlewares\USB_Host_Library\usbh_pipes.o
                0x00000080                malloc_getpagesize_P = 0x80
START GROUP
LOAD d:/programy/atollic/truestudio for stm32 9.0.1/armtools/bin/../lib/gcc/arm-atollic-eabi/6.3.1/../../../../arm-atollic-eabi/lib/armv7e-m/fpu\libc_nano.a
LOAD d:/programy/atollic/truestudio for stm32 9.0.1/armtools/bin/../lib/gcc/arm-atollic-eabi/6.3.1/../../../../arm-atollic-eabi/lib/armv7e-m/fpu\libm.a
END GROUP
START GROUP
LOAD d:/programy/atollic/truestudio for stm32 9.0.1/armtools/bin/../lib/gcc/arm-atollic-eabi/6.3.1/armv7e-m/fpu\libgcc.a
LOAD d:/programy/atollic/truestudio for stm32 9.0.1/armtools/bin/../lib/gcc/arm-atollic-eabi/6.3.1/../../../../arm-atollic-eabi/lib/armv7e-m/fpu\libc_nano.a
END GROUP
START GROUP
LOAD d:/programy/atollic/truestudio for stm32 9.0.1/armtools/bin/../lib/gcc/arm-atollic-eabi/6.3.1/armv7e-m/fpu\libgcc.a
LOAD d:/programy/atollic/truestudio for stm32 9.0.1/armtools/bin/../lib/gcc/arm-atollic-eabi/6.3.1/../../../../arm-atollic-eabi/lib/armv7e-m/fpu\libc_nano.a
LOAD d:/programy/atollic/truestudio for stm32 9.0.1/armtools/bin/../lib/gcc/arm-atollic-eabi/6.3.1/../../../../arm-atollic-eabi/lib/armv7e-m/fpu\libnosys.a
END GROUP
START GROUP
LOAD d:/programy/atollic/truestudio for stm32 9.0.1/armtools/bin/../lib/gcc/arm-atollic-eabi/6.3.1/armv7e-m/fpu\libgcc.a
LOAD d:/programy/atollic/truestudio for stm32 9.0.1/armtools/bin/../lib/gcc/arm-atollic-eabi/6.3.1/../../../../arm-atollic-eabi/lib/armv7e-m/fpu\libc_nano.a
LOAD d:/programy/atollic/truestudio for stm32 9.0.1/armtools/bin/../lib/gcc/arm-atollic-eabi/6.3.1/../../../../arm-atollic-eabi/lib/armv7e-m/fpu\libnosys.a
END GROUP
LOAD d:/programy/atollic/truestudio for stm32 9.0.1/armtools/bin/../lib/gcc/arm-atollic-eabi/6.3.1/armv7e-m/fpu/crtend.o
LOAD d:/programy/atollic/truestudio for stm32 9.0.1/armtools/bin/../lib/gcc/arm-atollic-eabi/6.3.1/armv7e-m/fpu/crtn.o
                0x20018000                _estack = 0x20018000
                0x00000200                _Min_Heap_Size = 0x200
                0x00000400                _Min_Stack_Size = 0x400

.isr_vector     0x08000000      0x188
                0x08000000                . = ALIGN (0x4)
 *(.isr_vector)
 .isr_vector    0x08000000      0x188 Application\TrueSTUDIO\startup_stm32l476xx.o
                0x08000000                g_pfnVectors
                0x08000188                . = ALIGN (0x4)

.text           0x08000190     0xf5e0
                0x08000190                . = ALIGN (0x4)
 *(.text)
 .text          0x08000190       0x40 d:/programy/atollic/truestudio for stm32 9.0.1/armtools/bin/../lib/gcc/arm-atollic-eabi/6.3.1/armv7e-m/fpu/crtbegin.o
 .text          0x080001d0       0xa0 d:/programy/atollic/truestudio for stm32 9.0.1/armtools/bin/../lib/gcc/arm-atollic-eabi/6.3.1/../../../../arm-atollic-eabi/lib/armv7e-m/fpu\libc_nano.a(lib_a-memchr.o)
                0x080001d0                memchr
 .text          0x08000270       0x30 d:/programy/atollic/truestudio for stm32 9.0.1/armtools/bin/../lib/gcc/arm-atollic-eabi/6.3.1/armv7e-m/fpu\libgcc.a(_aeabi_uldivmod.o)
                0x08000270                __aeabi_uldivmod
 .text          0x080002a0      0x2dc d:/programy/atollic/truestudio for stm32 9.0.1/armtools/bin/../lib/gcc/arm-atollic-eabi/6.3.1/armv7e-m/fpu\libgcc.a(_udivmoddi4.o)
                0x080002a0                __udivmoddi4
 .text          0x0800057c        0x4 d:/programy/atollic/truestudio for stm32 9.0.1/armtools/bin/../lib/gcc/arm-atollic-eabi/6.3.1/armv7e-m/fpu\libgcc.a(_dvmd_tls.o)
                0x0800057c                __aeabi_idiv0
                0x0800057c                __aeabi_ldiv0
 *(.text*)
 .text.Reset_Handler
                0x08000580       0x50 Application\TrueSTUDIO\startup_stm32l476xx.o
                0x08000580                Reset_Handler
 .text.Default_Handler
                0x080005d0        0x2 Application\TrueSTUDIO\startup_stm32l476xx.o
                0x080005d0                RTC_Alarm_IRQHandler
                0x080005d0                EXTI2_IRQHandler
                0x080005d0                TIM8_TRG_COM_IRQHandler
                0x080005d0                TIM8_CC_IRQHandler
                0x080005d0                DebugMon_Handler
                0x080005d0                TIM1_CC_IRQHandler
                0x080005d0                TSC_IRQHandler
                0x080005d0                HardFault_Handler
                0x080005d0                TAMP_STAMP_IRQHandler
                0x080005d0                PendSV_Handler
                0x080005d0                NMI_Handler
                0x080005d0                EXTI3_IRQHandler
                0x080005d0                LPTIM2_IRQHandler
                0x080005d0                DFSDM1_FLT1_IRQHandler
                0x080005d0                I2C3_ER_IRQHandler
                0x080005d0                DFSDM1_FLT2_IRQHandler
                0x080005d0                EXTI0_IRQHandler
                0x080005d0                I2C2_EV_IRQHandler
                0x080005d0                CAN1_RX0_IRQHandler
                0x080005d0                FPU_IRQHandler
                0x080005d0                TIM1_UP_TIM16_IRQHandler
                0x080005d0                UsageFault_Handler
                0x080005d0                ADC1_2_IRQHandler
                0x080005d0                SPI1_IRQHandler
                0x080005d0                TIM6_DAC_IRQHandler
                0x080005d0                TIM8_UP_IRQHandler
                0x080005d0                DMA2_Channel2_IRQHandler
                0x080005d0                DMA1_Channel4_IRQHandler
                0x080005d0                SAI2_IRQHandler
                0x080005d0                DFSDM1_FLT3_IRQHandler
                0x080005d0                USART3_IRQHandler
                0x080005d0                DMA1_Channel7_IRQHandler
                0x080005d0                CAN1_RX1_IRQHandler
                0x080005d0                LCD_IRQHandler
                0x080005d0                UART5_IRQHandler
                0x080005d0                ADC3_IRQHandler
                0x080005d0                TIM4_IRQHandler
                0x080005d0                I2C1_EV_IRQHandler
                0x080005d0                DMA1_Channel6_IRQHandler
                0x080005d0                UART4_IRQHandler
                0x080005d0                DMA2_Channel4_IRQHandler
                0x080005d0                TIM3_IRQHandler
                0x080005d0                RCC_IRQHandler
                0x080005d0                DMA1_Channel1_IRQHandler
                0x080005d0                Default_Handler
                0x080005d0                DMA2_Channel7_IRQHandler
                0x080005d0                EXTI15_10_IRQHandler
                0x080005d0                TIM7_IRQHandler
                0x080005d0                SDMMC1_IRQHandler
                0x080005d0                TIM5_IRQHandler
                0x080005d0                I2C3_EV_IRQHandler
                0x080005d0                EXTI9_5_IRQHandler
                0x080005d0                RTC_WKUP_IRQHandler
                0x080005d0                PVD_PVM_IRQHandler
                0x080005d0                SPI2_IRQHandler
                0x080005d0                MemManage_Handler
                0x080005d0                CAN1_TX_IRQHandler
                0x080005d0                SVC_Handler
                0x080005d0                DMA2_Channel5_IRQHandler
                0x080005d0                DMA1_Channel5_IRQHandler
                0x080005d0                EXTI4_IRQHandler
                0x080005d0                RNG_IRQHandler
                0x080005d0                TIM1_TRG_COM_TIM17_IRQHandler
                0x080005d0                DMA1_Channel3_IRQHandler
                0x080005d0                COMP_IRQHandler
                0x080005d0                WWDG_IRQHandler
                0x080005d0                LPUART1_IRQHandler
                0x080005d0                DMA2_Channel6_IRQHandler
                0x080005d0                TIM2_IRQHandler
                0x080005d0                EXTI1_IRQHandler
                0x080005d0                DFSDM1_FLT0_IRQHandler
                0x080005d0                I2C2_ER_IRQHandler
                0x080005d0                DMA1_Channel2_IRQHandler
                0x080005d0                TIM8_BRK_IRQHandler
                0x080005d0                CAN1_SCE_IRQHandler
                0x080005d0                FLASH_IRQHandler
                0x080005d0                BusFault_Handler
                0x080005d0                USART1_IRQHandler
                0x080005d0                SPI3_IRQHandler
                0x080005d0                I2C1_ER_IRQHandler
                0x080005d0                FMC_IRQHandler
                0x080005d0                SWPMI1_IRQHandler
                0x080005d0                LPTIM1_IRQHandler
                0x080005d0                DMA2_Channel3_IRQHandler
                0x080005d0                TIM1_BRK_TIM15_IRQHandler
 *fill*         0x080005d2        0x2 
 .text.MX_DAC1_Init
                0x080005d4       0x80 Application\User\dac.o
                0x080005d4                MX_DAC1_Init
 .text.HAL_DAC_MspInit
                0x08000654       0x40 Application\User\dac.o
                0x08000654                HAL_DAC_MspInit
 .text.MX_DFSDM1_Init
                0x08000694       0xe4 Application\User\dfsdm.o
                0x08000694                MX_DFSDM1_Init
 .text.HAL_DFSDM_ChannelMspInit
                0x08000778       0x48 Application\User\dfsdm.o
                0x08000778                HAL_DFSDM_ChannelMspInit
 .text.MX_DMA_Init
                0x080007c0       0xac Application\User\dma.o
                0x080007c0                MX_DMA_Init
 .text.MX_GPIO_Init
                0x0800086c      0x268 Application\User\gpio.o
                0x0800086c                MX_GPIO_Init
 .text.MX_I2C1_Init
                0x08000ad4       0x90 Application\User\i2c.o
                0x08000ad4                MX_I2C1_Init
 .text.MX_I2C2_Init
                0x08000b64       0x90 Application\User\i2c.o
                0x08000b64                MX_I2C2_Init
 .text.HAL_I2C_MspInit
                0x08000bf4       0xa8 Application\User\i2c.o
                0x08000bf4                HAL_I2C_MspInit
 .text.HAL_I2C_MspDeInit
                0x08000c9c       0x60 Application\User\i2c.o
                0x08000c9c                HAL_I2C_MspDeInit
 .text.MX_LCD_Init
                0x08000cfc       0x78 Application\User\lcd.o
                0x08000cfc                MX_LCD_Init
 .text.HAL_LCD_MspInit
                0x08000d74       0xd0 Application\User\lcd.o
                0x08000d74                HAL_LCD_MspInit
 .text.AudioErr
                0x08000e44        0xe Application\User\main.o
                0x08000e44                AudioErr
 *fill*         0x08000e52        0x2 
 .text.AudioHalf
                0x08000e54       0xac Application\User\main.o
                0x08000e54                AudioHalf
 .text.AudioCplt
                0x08000f00       0xb8 Application\User\main.o
                0x08000f00                AudioCplt
 .text.main     0x08000fb8      0x2b8 Application\User\main.o
                0x08000fb8                main
 .text.SystemClock_Config
                0x08001270      0x18c Application\User\main.o
                0x08001270                SystemClock_Config
 .text._Error_Handler
                0x080013fc        0xc Application\User\main.o
                0x080013fc                _Error_Handler
 .text.MX_QUADSPI_Init
                0x08001408       0x54 Application\User\quadspi.o
                0x08001408                MX_QUADSPI_Init
 .text.HAL_QSPI_MspInit
                0x0800145c       0x70 Application\User\quadspi.o
                0x0800145c                HAL_QSPI_MspInit
 .text.HAL_QSPI_MspDeInit
                0x080014cc       0x44 Application\User\quadspi.o
                0x080014cc                HAL_QSPI_MspDeInit
 .text.MX_SAI1_Init
                0x08001510       0x68 Application\User\sai.o
                0x08001510                MX_SAI1_Init
 .text.HAL_SAI_MspInit
                0x08001578      0x11c Application\User\sai.o
                0x08001578                HAL_SAI_MspInit
 .text.MX_SPI2_Init
                0x08001694       0x84 Application\User\spi.o
                0x08001694                MX_SPI2_Init
 .text.HAL_SPI_MspInit
                0x08001718       0x60 Application\User\spi.o
                0x08001718                HAL_SPI_MspInit
 .text.HAL_MspInit
                0x08001778       0x9c Application\User\stm32l4xx_hal_msp.o
                0x08001778                HAL_MspInit
 .text.SysTick_Handler
                0x08001814       0x10 Application\User\stm32l4xx_it.o
                0x08001814                SysTick_Handler
 .text.USART2_IRQHandler
                0x08001824       0x14 Application\User\stm32l4xx_it.o
                0x08001824                USART2_IRQHandler
 .text.DMA2_Channel1_IRQHandler
                0x08001838       0x14 Application\User\stm32l4xx_it.o
                0x08001838                DMA2_Channel1_IRQHandler
 .text.OTG_FS_IRQHandler
                0x0800184c       0x14 Application\User\stm32l4xx_it.o
                0x0800184c                OTG_FS_IRQHandler
 .text.QUADSPI_IRQHandler
                0x08001860       0x14 Application\User\stm32l4xx_it.o
                0x08001860                QUADSPI_IRQHandler
 .text.SAI1_IRQHandler
                0x08001874       0x14 Application\User\stm32l4xx_it.o
                0x08001874                SAI1_IRQHandler
 .text.MX_USART2_UART_Init
                0x08001888       0x68 Application\User\usart.o
                0x08001888                MX_USART2_UART_Init
 .text.HAL_UART_MspInit
                0x080018f0       0x70 Application\User\usart.o
                0x080018f0                HAL_UART_MspInit
 .text.MX_USB_HOST_Init
                0x08001960       0x2c Application\User\usb_host.o
                0x08001960                MX_USB_HOST_Init
 .text.MX_USB_HOST_Process
                0x0800198c       0x14 Application\User\usb_host.o
                0x0800198c                MX_USB_HOST_Process
 .text.USBH_UserProcess
                0x080019a0       0x5c Application\User\usb_host.o
 .text.HAL_HCD_MspInit
                0x080019fc       0xa4 Application\User\usbh_conf.o
                0x080019fc                HAL_HCD_MspInit
 .text.HAL_HCD_SOF_Callback
                0x08001aa0       0x1c Application\User\usbh_conf.o
                0x08001aa0                HAL_HCD_SOF_Callback
 .text.HAL_HCD_Connect_Callback
                0x08001abc       0x1c Application\User\usbh_conf.o
                0x08001abc                HAL_HCD_Connect_Callback
 .text.HAL_HCD_Disconnect_Callback
                0x08001ad8       0x1c Application\User\usbh_conf.o
                0x08001ad8                HAL_HCD_Disconnect_Callback
 .text.HAL_HCD_HC_NotifyURBChange_Callback
                0x08001af4       0x1c Application\User\usbh_conf.o
                0x08001af4                HAL_HCD_HC_NotifyURBChange_Callback
 .text.USBH_LL_Init
                0x08001b10       0x80 Application\User\usbh_conf.o
                0x08001b10                USBH_LL_Init
 .text.USBH_LL_Start
                0x08001b90       0x64 Application\User\usbh_conf.o
                0x08001b90                USBH_LL_Start
 .text.USBH_LL_Stop
                0x08001bf4       0x64 Application\User\usbh_conf.o
                0x08001bf4                USBH_LL_Stop
 .text.USBH_LL_GetSpeed
                0x08001c58       0x4a Application\User\usbh_conf.o
                0x08001c58                USBH_LL_GetSpeed
 *fill*         0x08001ca2        0x2 
 .text.USBH_LL_ResetPort
                0x08001ca4       0x64 Application\User\usbh_conf.o
                0x08001ca4                USBH_LL_ResetPort
 .text.USBH_LL_GetLastXferSize
                0x08001d08       0x26 Application\User\usbh_conf.o
                0x08001d08                USBH_LL_GetLastXferSize
 *fill*         0x08001d2e        0x2 
 .text.USBH_LL_OpenPipe
                0x08001d30       0x8c Application\User\usbh_conf.o
                0x08001d30                USBH_LL_OpenPipe
 .text.USBH_LL_ClosePipe
                0x08001dbc       0x6c Application\User\usbh_conf.o
                0x08001dbc                USBH_LL_ClosePipe
 .text.USBH_LL_SubmitURB
                0x08001e28       0x90 Application\User\usbh_conf.o
                0x08001e28                USBH_LL_SubmitURB
 .text.USBH_LL_GetURBState
                0x08001eb8       0x26 Application\User\usbh_conf.o
                0x08001eb8                USBH_LL_GetURBState
 .text.USBH_LL_DriverVBUS
                0x08001ede       0x2e Application\User\usbh_conf.o
                0x08001ede                USBH_LL_DriverVBUS
 .text.USBH_LL_SetToggle
                0x08001f0c       0x66 Application\User\usbh_conf.o
                0x08001f0c                USBH_LL_SetToggle
 .text.USBH_Delay
                0x08001f72       0x16 Application\User\usbh_conf.o
                0x08001f72                USBH_Delay
 .text.MX_DriverVbusFS
                0x08001f88       0x38 Application\User\usbh_platform.o
                0x08001f88                MX_DriverVbusFS
 .text.cs43l22_Init
                0x08001fc0      0x1c8 Drivers\BSP\Components\cs43l22\cs43l22.o
                0x08001fc0                cs43l22_Init
 .text.cs43l22_DeInit
                0x08002188        0xc Drivers\BSP\Components\cs43l22\cs43l22.o
                0x08002188                cs43l22_DeInit
 .text.cs43l22_ReadID
                0x08002194       0x30 Drivers\BSP\Components\cs43l22\cs43l22.o
                0x08002194                cs43l22_ReadID
 .text.cs43l22_Play
                0x080021c4       0x74 Drivers\BSP\Components\cs43l22\cs43l22.o
                0x080021c4                cs43l22_Play
 .text.cs43l22_Pause
                0x08002238       0x42 Drivers\BSP\Components\cs43l22\cs43l22.o
                0x08002238                cs43l22_Pause
 *fill*         0x0800227a        0x2 
 .text.cs43l22_Resume
                0x0800227c       0x78 Drivers\BSP\Components\cs43l22\cs43l22.o
                0x0800227c                cs43l22_Resume
 .text.cs43l22_Stop
                0x080022f4       0x68 Drivers\BSP\Components\cs43l22\cs43l22.o
                0x080022f4                cs43l22_Stop
 .text.cs43l22_SetVolume
                0x0800235c       0xbc Drivers\BSP\Components\cs43l22\cs43l22.o
                0x0800235c                cs43l22_SetVolume
 .text.cs43l22_SetFrequency
                0x08002418       0x1a Drivers\BSP\Components\cs43l22\cs43l22.o
                0x08002418                cs43l22_SetFrequency
 *fill*         0x08002432        0x2 
 .text.cs43l22_SetMute
                0x08002434       0xbc Drivers\BSP\Components\cs43l22\cs43l22.o
                0x08002434                cs43l22_SetMute
 .text.cs43l22_SetOutputMode
                0x080024f0       0xe4 Drivers\BSP\Components\cs43l22\cs43l22.o
                0x080024f0                cs43l22_SetOutputMode
 .text.cs43l22_Reset
                0x080025d4       0x18 Drivers\BSP\Components\cs43l22\cs43l22.o
                0x080025d4                cs43l22_Reset
 .text.CODEC_IO_Write
                0x080025ec       0x2e Drivers\BSP\Components\cs43l22\cs43l22.o
 *fill*         0x0800261a        0x2 
 .text.I2C1_Init
                0x0800261c       0x5c Drivers\BSP\STM32L476G-Discovery\stm32l476g_discovery.o
 .text.I2C1_MspInit
                0x08002678      0x100 Drivers\BSP\STM32L476G-Discovery\stm32l476g_discovery.o
 .text.I2C1_DeInit
                0x08002778       0x24 Drivers\BSP\STM32L476G-Discovery\stm32l476g_discovery.o
 .text.I2C1_MspDeInit
                0x0800279c       0xac Drivers\BSP\STM32L476G-Discovery\stm32l476g_discovery.o
 .text.I2C1_WriteBuffer
                0x08002848       0x54 Drivers\BSP\STM32L476G-Discovery\stm32l476g_discovery.o
 .text.I2C1_ReadBuffer
                0x0800289c       0x54 Drivers\BSP\STM32L476G-Discovery\stm32l476g_discovery.o
 .text.I2C1_Error
                0x080028f0       0x18 Drivers\BSP\STM32L476G-Discovery\stm32l476g_discovery.o
 .text.AUDIO_IO_Init
                0x08002908       0x6c Drivers\BSP\STM32L476G-Discovery\stm32l476g_discovery.o
                0x08002908                AUDIO_IO_Init
 .text.AUDIO_IO_DeInit
                0x08002974       0x80 Drivers\BSP\STM32L476G-Discovery\stm32l476g_discovery.o
                0x08002974                AUDIO_IO_DeInit
 .text.AUDIO_IO_Write
                0x080029f4       0x30 Drivers\BSP\STM32L476G-Discovery\stm32l476g_discovery.o
                0x080029f4                AUDIO_IO_Write
 .text.AUDIO_IO_Read
                0x08002a24       0x36 Drivers\BSP\STM32L476G-Discovery\stm32l476g_discovery.o
                0x08002a24                AUDIO_IO_Read
 *fill*         0x08002a5a        0x2 
 .text.BSP_AUDIO_OUT_Init
                0x08002a5c       0x94 Drivers\BSP\STM32L476G-Discovery\stm32l476g_discovery_audio.o
                0x08002a5c                BSP_AUDIO_OUT_Init
 .text.BSP_AUDIO_OUT_Play
                0x08002af0       0x58 Drivers\BSP\STM32L476G-Discovery\stm32l476g_discovery_audio.o
                0x08002af0                BSP_AUDIO_OUT_Play
 .text.BSP_AUDIO_OUT_Pause
                0x08002b48       0x38 Drivers\BSP\STM32L476G-Discovery\stm32l476g_discovery_audio.o
                0x08002b48                BSP_AUDIO_OUT_Pause
 .text.BSP_AUDIO_OUT_Resume
                0x08002b80       0x38 Drivers\BSP\STM32L476G-Discovery\stm32l476g_discovery_audio.o
                0x08002b80                BSP_AUDIO_OUT_Resume
 .text.BSP_AUDIO_OUT_Stop
                0x08002bb8       0x4c Drivers\BSP\STM32L476G-Discovery\stm32l476g_discovery_audio.o
                0x08002bb8                BSP_AUDIO_OUT_Stop
 .text.BSP_AUDIO_OUT_SetVolume
                0x08002c04       0x30 Drivers\BSP\STM32L476G-Discovery\stm32l476g_discovery_audio.o
                0x08002c04                BSP_AUDIO_OUT_SetVolume
 .text.BSP_AUDIO_OUT_ChangeAudioConfig
                0x08002c34       0xc0 Drivers\BSP\STM32L476G-Discovery\stm32l476g_discovery_audio.o
                0x08002c34                BSP_AUDIO_OUT_ChangeAudioConfig
 .text.BSP_AUDIO_OUT_RegisterCallbacks
                0x08002cf4       0x30 Drivers\BSP\STM32L476G-Discovery\stm32l476g_discovery_audio.o
                0x08002cf4                BSP_AUDIO_OUT_RegisterCallbacks
 .text.HAL_SAI_TxCpltCallback
                0x08002d24       0x24 Drivers\BSP\STM32L476G-Discovery\stm32l476g_discovery_audio.o
                0x08002d24                HAL_SAI_TxCpltCallback
 .text.HAL_SAI_TxHalfCpltCallback
                0x08002d48       0x24 Drivers\BSP\STM32L476G-Discovery\stm32l476g_discovery_audio.o
                0x08002d48                HAL_SAI_TxHalfCpltCallback
 .text.HAL_SAI_ErrorCallback
                0x08002d6c       0x24 Drivers\BSP\STM32L476G-Discovery\stm32l476g_discovery_audio.o
                0x08002d6c                HAL_SAI_ErrorCallback
 .text.AUDIO_SAIx_Init
                0x08002d90      0x144 Drivers\BSP\STM32L476G-Discovery\stm32l476g_discovery_audio.o
 .text.AUDIO_CODEC_Reset
                0x08002ed4       0x20 Drivers\BSP\STM32L476G-Discovery\stm32l476g_discovery_audio.o
 .text.AUDIO_SAIPLLConfig
                0x08002ef4       0x80 Drivers\BSP\STM32L476G-Discovery\stm32l476g_discovery_audio.o
 .text.BSP_LCD_GLASS_Init
                0x08002f74       0x74 Drivers\BSP\STM32L476G-Discovery\stm32l476g_discovery_glass_lcd.o
                0x08002f74                BSP_LCD_GLASS_Init
 .text.BSP_LCD_GLASS_DisplayString
                0x08002fe8       0x5c Drivers\BSP\STM32L476G-Discovery\stm32l476g_discovery_glass_lcd.o
                0x08002fe8                BSP_LCD_GLASS_DisplayString
 .text.BSP_LCD_GLASS_Clear
                0x08003044       0x14 Drivers\BSP\STM32L476G-Discovery\stm32l476g_discovery_glass_lcd.o
                0x08003044                BSP_LCD_GLASS_Clear
 .text.BSP_LCD_GLASS_ScrollSentence
                0x08003058      0x164 Drivers\BSP\STM32L476G-Discovery\stm32l476g_discovery_glass_lcd.o
                0x08003058                BSP_LCD_GLASS_ScrollSentence
 .text.LCD_MspInit
                0x080031bc      0x18c Drivers\BSP\STM32L476G-Discovery\stm32l476g_discovery_glass_lcd.o
 .text.Convert  0x08003348      0x190 Drivers\BSP\STM32L476G-Discovery\stm32l476g_discovery_glass_lcd.o
 .text.WriteChar
                0x080034d8      0x700 Drivers\BSP\STM32L476G-Discovery\stm32l476g_discovery_glass_lcd.o
 .text.BSP_QSPI_Init
                0x08003bd8       0x9c Drivers\BSP\STM32L476G-Discovery\stm32l476g_discovery_qspi.o
                0x08003bd8                BSP_QSPI_Init
 .text.BSP_QSPI_Read
                0x08003c74       0x84 Drivers\BSP\STM32L476G-Discovery\stm32l476g_discovery_qspi.o
                0x08003c74                BSP_QSPI_Read
 .text.QSPI_MspInit
                0x08003cf8       0x98 Drivers\BSP\STM32L476G-Discovery\stm32l476g_discovery_qspi.o
 .text.QSPI_ResetMemory
                0x08003d90       0x88 Drivers\BSP\STM32L476G-Discovery\stm32l476g_discovery_qspi.o
 .text.QSPI_DummyCyclesCfg
                0x08003e18       0xec Drivers\BSP\STM32L476G-Discovery\stm32l476g_discovery_qspi.o
 .text.QSPI_WriteEnable
                0x08003f04       0x98 Drivers\BSP\STM32L476G-Discovery\stm32l476g_discovery_qspi.o
 .text.QSPI_AutoPollingMemReady
                0x08003f9c       0x74 Drivers\BSP\STM32L476G-Discovery\stm32l476g_discovery_qspi.o
 .text.SystemInit
                0x08004010       0x6c Drivers\CMSIS\system_stm32l4xx.o
                0x08004010                SystemInit
 .text.HAL_Init
                0x0800407c       0x1a Drivers\STM32L4xx_HAL_Driver\stm32l4xx_hal.o
                0x0800407c                HAL_Init
 *fill*         0x08004096        0x2 
 .text.HAL_InitTick
                0x08004098       0x38 Drivers\STM32L4xx_HAL_Driver\stm32l4xx_hal.o
                0x08004098                HAL_InitTick
 .text.HAL_IncTick
                0x080040d0       0x1c Drivers\STM32L4xx_HAL_Driver\stm32l4xx_hal.o
                0x080040d0                HAL_IncTick
 .text.HAL_GetTick
                0x080040ec       0x18 Drivers\STM32L4xx_HAL_Driver\stm32l4xx_hal.o
                0x080040ec                HAL_GetTick
 .text.HAL_Delay
                0x08004104       0x3a Drivers\STM32L4xx_HAL_Driver\stm32l4xx_hal.o
                0x08004104                HAL_Delay
 *fill*         0x0800413e        0x2 
 .text.NVIC_SetPriorityGrouping
                0x08004140       0x48 Drivers\STM32L4xx_HAL_Driver\stm32l4xx_hal_cortex.o
 .text.NVIC_GetPriorityGrouping
                0x08004188       0x1c Drivers\STM32L4xx_HAL_Driver\stm32l4xx_hal_cortex.o
 .text.NVIC_EnableIRQ
                0x080041a4       0x34 Drivers\STM32L4xx_HAL_Driver\stm32l4xx_hal_cortex.o
 .text.NVIC_DisableIRQ
                0x080041d8       0x34 Drivers\STM32L4xx_HAL_Driver\stm32l4xx_hal_cortex.o
 .text.NVIC_SetPriority
                0x0800420c       0x54 Drivers\STM32L4xx_HAL_Driver\stm32l4xx_hal_cortex.o
 .text.NVIC_EncodePriority
                0x08004260       0x62 Drivers\STM32L4xx_HAL_Driver\stm32l4xx_hal_cortex.o
 *fill*         0x080042c2        0x2 
 .text.SysTick_Config
                0x080042c4       0x44 Drivers\STM32L4xx_HAL_Driver\stm32l4xx_hal_cortex.o
 .text.HAL_NVIC_SetPriorityGrouping
                0x08004308       0x16 Drivers\STM32L4xx_HAL_Driver\stm32l4xx_hal_cortex.o
                0x08004308                HAL_NVIC_SetPriorityGrouping
 .text.HAL_NVIC_SetPriority
                0x0800431e       0x38 Drivers\STM32L4xx_HAL_Driver\stm32l4xx_hal_cortex.o
                0x0800431e                HAL_NVIC_SetPriority
 .text.HAL_NVIC_EnableIRQ
                0x08004356       0x1c Drivers\STM32L4xx_HAL_Driver\stm32l4xx_hal_cortex.o
                0x08004356                HAL_NVIC_EnableIRQ
 .text.HAL_NVIC_DisableIRQ
                0x08004372       0x1c Drivers\STM32L4xx_HAL_Driver\stm32l4xx_hal_cortex.o
                0x08004372                HAL_NVIC_DisableIRQ
 .text.HAL_SYSTICK_Config
                0x0800438e       0x18 Drivers\STM32L4xx_HAL_Driver\stm32l4xx_hal_cortex.o
                0x0800438e                HAL_SYSTICK_Config
 *fill*         0x080043a6        0x2 
 .text.HAL_SYSTICK_CLKSourceConfig
                0x080043a8       0x38 Drivers\STM32L4xx_HAL_Driver\stm32l4xx_hal_cortex.o
                0x080043a8                HAL_SYSTICK_CLKSourceConfig
 .text.HAL_SYSTICK_IRQHandler
                0x080043e0        0xc Drivers\STM32L4xx_HAL_Driver\stm32l4xx_hal_cortex.o
                0x080043e0                HAL_SYSTICK_IRQHandler
 .text.HAL_SYSTICK_Callback
                0x080043ec        0xe Drivers\STM32L4xx_HAL_Driver\stm32l4xx_hal_cortex.o
                0x080043ec                HAL_SYSTICK_Callback
 .text.HAL_DAC_Init
                0x080043fa       0x44 Drivers\STM32L4xx_HAL_Driver\stm32l4xx_hal_dac.o
                0x080043fa                HAL_DAC_Init
 .text.HAL_DAC_ConfigChannel
                0x0800443e      0x20c Drivers\STM32L4xx_HAL_Driver\stm32l4xx_hal_dac.o
                0x0800443e                HAL_DAC_ConfigChannel
 *fill*         0x0800464a        0x2 
 .text.HAL_DFSDM_ChannelInit
                0x0800464c      0x180 Drivers\STM32L4xx_HAL_Driver\stm32l4xx_hal_dfsdm.o
                0x0800464c                HAL_DFSDM_ChannelInit
 .text.DFSDM_GetChannelFromInstance
                0x080047cc       0xa8 Drivers\STM32L4xx_HAL_Driver\stm32l4xx_hal_dfsdm.o
 .text.HAL_DMA_Init
                0x08004874      0x17c Drivers\STM32L4xx_HAL_Driver\stm32l4xx_hal_dma.o
                0x08004874                HAL_DMA_Init
 .text.HAL_DMA_DeInit
                0x080049f0      0x100 Drivers\STM32L4xx_HAL_Driver\stm32l4xx_hal_dma.o
                0x080049f0                HAL_DMA_DeInit
 .text.HAL_DMA_Start_IT
                0x08004af0       0xc0 Drivers\STM32L4xx_HAL_Driver\stm32l4xx_hal_dma.o
                0x08004af0                HAL_DMA_Start_IT
 .text.HAL_DMA_Abort
                0x08004bb0       0x64 Drivers\STM32L4xx_HAL_Driver\stm32l4xx_hal_dma.o
                0x08004bb0                HAL_DMA_Abort
 .text.HAL_DMA_Abort_IT
                0x08004c14       0x7e Drivers\STM32L4xx_HAL_Driver\stm32l4xx_hal_dma.o
                0x08004c14                HAL_DMA_Abort_IT
 .text.HAL_DMA_IRQHandler
                0x08004c92      0x146 Drivers\STM32L4xx_HAL_Driver\stm32l4xx_hal_dma.o
                0x08004c92                HAL_DMA_IRQHandler
 .text.DMA_SetConfig
                0x08004dd8       0x5c Drivers\STM32L4xx_HAL_Driver\stm32l4xx_hal_dma.o
 .text.HAL_GPIO_Init
                0x08004e34      0x358 Drivers\STM32L4xx_HAL_Driver\stm32l4xx_hal_gpio.o
                0x08004e34                HAL_GPIO_Init
 .text.HAL_GPIO_DeInit
                0x0800518c      0x1f0 Drivers\STM32L4xx_HAL_Driver\stm32l4xx_hal_gpio.o
                0x0800518c                HAL_GPIO_DeInit
 .text.HAL_GPIO_ReadPin
                0x0800537c       0x30 Drivers\STM32L4xx_HAL_Driver\stm32l4xx_hal_gpio.o
                0x0800537c                HAL_GPIO_ReadPin
 .text.HAL_GPIO_WritePin
                0x080053ac       0x30 Drivers\STM32L4xx_HAL_Driver\stm32l4xx_hal_gpio.o
                0x080053ac                HAL_GPIO_WritePin
 .text.HAL_GPIO_TogglePin
                0x080053dc       0x24 Drivers\STM32L4xx_HAL_Driver\stm32l4xx_hal_gpio.o
                0x080053dc                HAL_GPIO_TogglePin
 .text.HAL_HCD_Init
                0x08005400       0xac Drivers\STM32L4xx_HAL_Driver\stm32l4xx_hal_hcd.o
                0x08005400                HAL_HCD_Init
 .text.HAL_HCD_HC_Init
                0x080054ac      0x10e Drivers\STM32L4xx_HAL_Driver\stm32l4xx_hal_hcd.o
                0x080054ac                HAL_HCD_HC_Init
 .text.HAL_HCD_HC_Halt
                0x080055ba       0x46 Drivers\STM32L4xx_HAL_Driver\stm32l4xx_hal_hcd.o
                0x080055ba                HAL_HCD_HC_Halt
 .text.HAL_HCD_HC_SubmitRequest
                0x08005600      0x324 Drivers\STM32L4xx_HAL_Driver\stm32l4xx_hal_hcd.o
                0x08005600                HAL_HCD_HC_SubmitRequest
 .text.HAL_HCD_IRQHandler
                0x08005924      0x204 Drivers\STM32L4xx_HAL_Driver\stm32l4xx_hal_hcd.o
                0x08005924                HAL_HCD_IRQHandler
 .text.HAL_HCD_Start
                0x08005b28       0x46 Drivers\STM32L4xx_HAL_Driver\stm32l4xx_hal_hcd.o
                0x08005b28                HAL_HCD_Start
 .text.HAL_HCD_Stop
                0x08005b6e       0x3a Drivers\STM32L4xx_HAL_Driver\stm32l4xx_hal_hcd.o
                0x08005b6e                HAL_HCD_Stop
 .text.HAL_HCD_ResetPort
                0x08005ba8       0x1c Drivers\STM32L4xx_HAL_Driver\stm32l4xx_hal_hcd.o
                0x08005ba8                HAL_HCD_ResetPort
 .text.HAL_HCD_HC_GetURBState
                0x08005bc4       0x2a Drivers\STM32L4xx_HAL_Driver\stm32l4xx_hal_hcd.o
                0x08005bc4                HAL_HCD_HC_GetURBState
 .text.HAL_HCD_HC_GetXferCount
                0x08005bee       0x2a Drivers\STM32L4xx_HAL_Driver\stm32l4xx_hal_hcd.o
                0x08005bee                HAL_HCD_HC_GetXferCount
 .text.HAL_HCD_GetCurrentFrame
                0x08005c18       0x1c Drivers\STM32L4xx_HAL_Driver\stm32l4xx_hal_hcd.o
                0x08005c18                HAL_HCD_GetCurrentFrame
 .text.HAL_HCD_GetCurrentSpeed
                0x08005c34       0x1c Drivers\STM32L4xx_HAL_Driver\stm32l4xx_hal_hcd.o
                0x08005c34                HAL_HCD_GetCurrentSpeed
 .text.HCD_HC_IN_IRQHandler
                0x08005c50      0x692 Drivers\STM32L4xx_HAL_Driver\stm32l4xx_hal_hcd.o
 .text.HCD_HC_OUT_IRQHandler
                0x080062e2      0x678 Drivers\STM32L4xx_HAL_Driver\stm32l4xx_hal_hcd.o
 *fill*         0x0800695a        0x2 
 .text.HCD_RXQLVL_IRQHandler
                0x0800695c      0x164 Drivers\STM32L4xx_HAL_Driver\stm32l4xx_hal_hcd.o
 .text.HCD_Port_IRQHandler
                0x08006ac0      0x12a Drivers\STM32L4xx_HAL_Driver\stm32l4xx_hal_hcd.o
 .text.HAL_I2C_Init
                0x08006bea      0x11c Drivers\STM32L4xx_HAL_Driver\stm32l4xx_hal_i2c.o
                0x08006bea                HAL_I2C_Init
 .text.HAL_I2C_DeInit
                0x08006d06       0x5e Drivers\STM32L4xx_HAL_Driver\stm32l4xx_hal_i2c.o
                0x08006d06                HAL_I2C_DeInit
 .text.HAL_I2C_Mem_Write
                0x08006d64      0x24c Drivers\STM32L4xx_HAL_Driver\stm32l4xx_hal_i2c.o
                0x08006d64                HAL_I2C_Mem_Write
 .text.HAL_I2C_Mem_Read
                0x08006fb0      0x24c Drivers\STM32L4xx_HAL_Driver\stm32l4xx_hal_i2c.o
                0x08006fb0                HAL_I2C_Mem_Read
 .text.HAL_I2C_GetState
                0x080071fc       0x1c Drivers\STM32L4xx_HAL_Driver\stm32l4xx_hal_i2c.o
                0x080071fc                HAL_I2C_GetState
 .text.I2C_RequestMemoryWrite
                0x08007218       0xc0 Drivers\STM32L4xx_HAL_Driver\stm32l4xx_hal_i2c.o
 .text.I2C_RequestMemoryRead
                0x080072d8       0xc0 Drivers\STM32L4xx_HAL_Driver\stm32l4xx_hal_i2c.o
 .text.I2C_Flush_TXDR
                0x08007398       0x48 Drivers\STM32L4xx_HAL_Driver\stm32l4xx_hal_i2c.o
 .text.I2C_WaitOnFlagUntilTimeout
                0x080073e0       0x74 Drivers\STM32L4xx_HAL_Driver\stm32l4xx_hal_i2c.o
 .text.I2C_WaitOnTXISFlagUntilTimeout
                0x08007454       0x80 Drivers\STM32L4xx_HAL_Driver\stm32l4xx_hal_i2c.o
 .text.I2C_WaitOnSTOPFlagUntilTimeout
                0x080074d4       0x78 Drivers\STM32L4xx_HAL_Driver\stm32l4xx_hal_i2c.o
 .text.I2C_IsAcknowledgeFailed
                0x0800754c       0xbc Drivers\STM32L4xx_HAL_Driver\stm32l4xx_hal_i2c.o
 .text.I2C_TransferConfig
                0x08007608       0x58 Drivers\STM32L4xx_HAL_Driver\stm32l4xx_hal_i2c.o
 .text.HAL_I2CEx_ConfigAnalogFilter
                0x08007660       0x96 Drivers\STM32L4xx_HAL_Driver\stm32l4xx_hal_i2c_ex.o
                0x08007660                HAL_I2CEx_ConfigAnalogFilter
 .text.HAL_I2CEx_ConfigDigitalFilter
                0x080076f6       0x9c Drivers\STM32L4xx_HAL_Driver\stm32l4xx_hal_i2c_ex.o
                0x080076f6                HAL_I2CEx_ConfigDigitalFilter
 *fill*         0x08007792        0x2 
 .text.HAL_LCD_Init
                0x08007794      0x178 Drivers\STM32L4xx_HAL_Driver\stm32l4xx_hal_lcd.o
                0x08007794                HAL_LCD_Init
 .text.HAL_LCD_Write
                0x0800790c       0xbe Drivers\STM32L4xx_HAL_Driver\stm32l4xx_hal_lcd.o
                0x0800790c                HAL_LCD_Write
 .text.HAL_LCD_Clear
                0x080079ca       0xb4 Drivers\STM32L4xx_HAL_Driver\stm32l4xx_hal_lcd.o
                0x080079ca                HAL_LCD_Clear
 .text.HAL_LCD_UpdateDisplayRequest
                0x08007a7e       0x76 Drivers\STM32L4xx_HAL_Driver\stm32l4xx_hal_lcd.o
                0x08007a7e                HAL_LCD_UpdateDisplayRequest
 .text.LCD_WaitForSynchro
                0x08007af4       0x46 Drivers\STM32L4xx_HAL_Driver\stm32l4xx_hal_lcd.o
                0x08007af4                LCD_WaitForSynchro
 *fill*         0x08007b3a        0x2 
 .text.HAL_PWREx_GetVoltageRange
                0x08007b3c       0x1c Drivers\STM32L4xx_HAL_Driver\stm32l4xx_hal_pwr_ex.o
                0x08007b3c                HAL_PWREx_GetVoltageRange
 .text.HAL_PWREx_ControlVoltageScaling
                0x08007b58       0xac Drivers\STM32L4xx_HAL_Driver\stm32l4xx_hal_pwr_ex.o
                0x08007b58                HAL_PWREx_ControlVoltageScaling
 .text.HAL_PWREx_EnableVddUSB
                0x08007c04       0x20 Drivers\STM32L4xx_HAL_Driver\stm32l4xx_hal_pwr_ex.o
                0x08007c04                HAL_PWREx_EnableVddUSB
 .text.HAL_PWREx_EnableVddIO2
                0x08007c24       0x20 Drivers\STM32L4xx_HAL_Driver\stm32l4xx_hal_pwr_ex.o
                0x08007c24                HAL_PWREx_EnableVddIO2
 .text.HAL_PWREx_DisableVddIO2
                0x08007c44       0x20 Drivers\STM32L4xx_HAL_Driver\stm32l4xx_hal_pwr_ex.o
                0x08007c44                HAL_PWREx_DisableVddIO2
 .text.HAL_QSPI_Init
                0x08007c64      0x108 Drivers\STM32L4xx_HAL_Driver\stm32l4xx_hal_qspi.o
                0x08007c64                HAL_QSPI_Init
 .text.HAL_QSPI_DeInit
                0x08007d6c       0x60 Drivers\STM32L4xx_HAL_Driver\stm32l4xx_hal_qspi.o
                0x08007d6c                HAL_QSPI_DeInit
 .text.HAL_QSPI_IRQHandler
                0x08007dcc      0x340 Drivers\STM32L4xx_HAL_Driver\stm32l4xx_hal_qspi.o
                0x08007dcc                HAL_QSPI_IRQHandler
 .text.HAL_QSPI_Command
                0x0800810c       0xc0 Drivers\STM32L4xx_HAL_Driver\stm32l4xx_hal_qspi.o
                0x0800810c                HAL_QSPI_Command
 .text.HAL_QSPI_Transmit
                0x080081cc      0x12a Drivers\STM32L4xx_HAL_Driver\stm32l4xx_hal_qspi.o
                0x080081cc                HAL_QSPI_Transmit
 .text.HAL_QSPI_Receive
                0x080082f6      0x140 Drivers\STM32L4xx_HAL_Driver\stm32l4xx_hal_qspi.o
                0x080082f6                HAL_QSPI_Receive
 .text.HAL_QSPI_AutoPolling
                0x08008436       0xf2 Drivers\STM32L4xx_HAL_Driver\stm32l4xx_hal_qspi.o
                0x08008436                HAL_QSPI_AutoPolling
 .text.HAL_QSPI_ErrorCallback
                0x08008528       0x14 Drivers\STM32L4xx_HAL_Driver\stm32l4xx_hal_qspi.o
                0x08008528                HAL_QSPI_ErrorCallback
 .text.HAL_QSPI_AbortCpltCallback
                0x0800853c       0x14 Drivers\STM32L4xx_HAL_Driver\stm32l4xx_hal_qspi.o
                0x0800853c                HAL_QSPI_AbortCpltCallback
 .text.HAL_QSPI_CmdCpltCallback
                0x08008550       0x14 Drivers\STM32L4xx_HAL_Driver\stm32l4xx_hal_qspi.o
                0x08008550                HAL_QSPI_CmdCpltCallback
 .text.HAL_QSPI_RxCpltCallback
                0x08008564       0x14 Drivers\STM32L4xx_HAL_Driver\stm32l4xx_hal_qspi.o
                0x08008564                HAL_QSPI_RxCpltCallback
 .text.HAL_QSPI_TxCpltCallback
                0x08008578       0x14 Drivers\STM32L4xx_HAL_Driver\stm32l4xx_hal_qspi.o
                0x08008578                HAL_QSPI_TxCpltCallback
 .text.HAL_QSPI_FifoThresholdCallback
                0x0800858c       0x14 Drivers\STM32L4xx_HAL_Driver\stm32l4xx_hal_qspi.o
                0x0800858c                HAL_QSPI_FifoThresholdCallback
 .text.HAL_QSPI_StatusMatchCallback
                0x080085a0       0x14 Drivers\STM32L4xx_HAL_Driver\stm32l4xx_hal_qspi.o
                0x080085a0                HAL_QSPI_StatusMatchCallback
 .text.HAL_QSPI_TimeOutCallback
                0x080085b4       0x14 Drivers\STM32L4xx_HAL_Driver\stm32l4xx_hal_qspi.o
                0x080085b4                HAL_QSPI_TimeOutCallback
 .text.HAL_QSPI_Abort
                0x080085c8       0xca Drivers\STM32L4xx_HAL_Driver\stm32l4xx_hal_qspi.o
                0x080085c8                HAL_QSPI_Abort
 *fill*         0x08008692        0x2 
 .text.HAL_QSPI_Abort_IT
                0x08008694       0xa4 Drivers\STM32L4xx_HAL_Driver\stm32l4xx_hal_qspi.o
                0x08008694                HAL_QSPI_Abort_IT
 .text.HAL_QSPI_SetTimeout
                0x08008738       0x1c Drivers\STM32L4xx_HAL_Driver\stm32l4xx_hal_qspi.o
                0x08008738                HAL_QSPI_SetTimeout
 .text.QSPI_DMAAbortCplt
                0x08008754       0x66 Drivers\STM32L4xx_HAL_Driver\stm32l4xx_hal_qspi.o
 .text.QSPI_WaitFlagStateUntilTimeout
                0x080087ba       0x6e Drivers\STM32L4xx_HAL_Driver\stm32l4xx_hal_qspi.o
 .text.QSPI_Config
                0x08008828      0x2fc Drivers\STM32L4xx_HAL_Driver\stm32l4xx_hal_qspi.o
 .text.HAL_RCC_OscConfig
                0x08008b24      0x6c4 Drivers\STM32L4xx_HAL_Driver\stm32l4xx_hal_rcc.o
                0x08008b24                HAL_RCC_OscConfig
 .text.HAL_RCC_ClockConfig
                0x080091e8      0x230 Drivers\STM32L4xx_HAL_Driver\stm32l4xx_hal_rcc.o
                0x080091e8                HAL_RCC_ClockConfig
 .text.HAL_RCC_GetSysClockFreq
                0x08009418      0x160 Drivers\STM32L4xx_HAL_Driver\stm32l4xx_hal_rcc.o
                0x08009418                HAL_RCC_GetSysClockFreq
 .text.HAL_RCC_GetHCLKFreq
                0x08009578       0x18 Drivers\STM32L4xx_HAL_Driver\stm32l4xx_hal_rcc.o
                0x08009578                HAL_RCC_GetHCLKFreq
 .text.HAL_RCC_GetPCLK1Freq
                0x08009590       0x28 Drivers\STM32L4xx_HAL_Driver\stm32l4xx_hal_rcc.o
                0x08009590                HAL_RCC_GetPCLK1Freq
 .text.HAL_RCC_GetPCLK2Freq
                0x080095b8       0x28 Drivers\STM32L4xx_HAL_Driver\stm32l4xx_hal_rcc.o
                0x080095b8                HAL_RCC_GetPCLK2Freq
 .text.RCC_SetFlashLatencyFromMSIRange
                0x080095e0       0xc4 Drivers\STM32L4xx_HAL_Driver\stm32l4xx_hal_rcc.o
 .text.HAL_RCCEx_PeriphCLKConfig
                0x080096a4      0x5c8 Drivers\STM32L4xx_HAL_Driver\stm32l4xx_hal_rcc_ex.o
                0x080096a4                HAL_RCCEx_PeriphCLKConfig
 .text.HAL_RCCEx_GetPeriphCLKConfig
                0x08009c6c      0x1e0 Drivers\STM32L4xx_HAL_Driver\stm32l4xx_hal_rcc_ex.o
                0x08009c6c                HAL_RCCEx_GetPeriphCLKConfig
 .text.HAL_RCCEx_GetPeriphCLKFreq
                0x08009e4c      0x9e4 Drivers\STM32L4xx_HAL_Driver\stm32l4xx_hal_rcc_ex.o
                0x08009e4c                HAL_RCCEx_GetPeriphCLKFreq
 .text.HAL_RCCEx_EnableMSIPLLMode
                0x0800a830       0x20 Drivers\STM32L4xx_HAL_Driver\stm32l4xx_hal_rcc_ex.o
                0x0800a830                HAL_RCCEx_EnableMSIPLLMode
 .text.RCCEx_PLLSAI1_Config
                0x0800a850      0x1e4 Drivers\STM32L4xx_HAL_Driver\stm32l4xx_hal_rcc_ex.o
 .text.RCCEx_PLLSAI2_Config
                0x0800aa34      0x1b8 Drivers\STM32L4xx_HAL_Driver\stm32l4xx_hal_rcc_ex.o
 .text.HAL_SAI_InitProtocol
                0x0800abec       0x78 Drivers\STM32L4xx_HAL_Driver\stm32l4xx_hal_sai.o
                0x0800abec                HAL_SAI_InitProtocol
 .text.HAL_SAI_Init
                0x0800ac64      0x2e0 Drivers\STM32L4xx_HAL_Driver\stm32l4xx_hal_sai.o
                0x0800ac64                HAL_SAI_Init
 .text.HAL_SAI_DMAPause
                0x0800af44       0x44 Drivers\STM32L4xx_HAL_Driver\stm32l4xx_hal_sai.o
                0x0800af44                HAL_SAI_DMAPause
 .text.HAL_SAI_DMAResume
                0x0800af88       0x62 Drivers\STM32L4xx_HAL_Driver\stm32l4xx_hal_sai.o
                0x0800af88                HAL_SAI_DMAResume
 .text.HAL_SAI_DMAStop
                0x0800afea       0x96 Drivers\STM32L4xx_HAL_Driver\stm32l4xx_hal_sai.o
                0x0800afea                HAL_SAI_DMAStop
 .text.HAL_SAI_Abort
                0x0800b080       0xb8 Drivers\STM32L4xx_HAL_Driver\stm32l4xx_hal_sai.o
                0x0800b080                HAL_SAI_Abort
 .text.HAL_SAI_Transmit_DMA
                0x0800b138      0x160 Drivers\STM32L4xx_HAL_Driver\stm32l4xx_hal_sai.o
                0x0800b138                HAL_SAI_Transmit_DMA
 .text.HAL_SAI_IRQHandler
                0x0800b298      0x288 Drivers\STM32L4xx_HAL_Driver\stm32l4xx_hal_sai.o
                0x0800b298                HAL_SAI_IRQHandler
 .text.SAI_InitI2S
                0x0800b520      0x168 Drivers\STM32L4xx_HAL_Driver\stm32l4xx_hal_sai.o
 .text.SAI_InitPCM
                0x0800b688      0x108 Drivers\STM32L4xx_HAL_Driver\stm32l4xx_hal_sai.o
 .text.SAI_InterruptFlag
                0x0800b790       0x6c Drivers\STM32L4xx_HAL_Driver\stm32l4xx_hal_sai.o
 .text.SAI_Disable
                0x0800b7fc       0x5e Drivers\STM32L4xx_HAL_Driver\stm32l4xx_hal_sai.o
 .text.SAI_DMATxCplt
                0x0800b85a       0x64 Drivers\STM32L4xx_HAL_Driver\stm32l4xx_hal_sai.o
 .text.SAI_DMATxHalfCplt
                0x0800b8be       0x1c Drivers\STM32L4xx_HAL_Driver\stm32l4xx_hal_sai.o
 .text.SAI_DMAError
                0x0800b8da       0x52 Drivers\STM32L4xx_HAL_Driver\stm32l4xx_hal_sai.o
 .text.SAI_DMAAbort
                0x0800b92c       0x6e Drivers\STM32L4xx_HAL_Driver\stm32l4xx_hal_sai.o
 .text.HAL_SPI_Init
                0x0800b99a      0x110 Drivers\STM32L4xx_HAL_Driver\stm32l4xx_hal_spi.o
                0x0800b99a                HAL_SPI_Init
 .text.HAL_UART_Init
                0x0800baaa       0xa2 Drivers\STM32L4xx_HAL_Driver\stm32l4xx_hal_uart.o
                0x0800baaa                HAL_UART_Init
 .text.HAL_UART_IRQHandler
                0x0800bb4c      0x26c Drivers\STM32L4xx_HAL_Driver\stm32l4xx_hal_uart.o
                0x0800bb4c                HAL_UART_IRQHandler
 .text.HAL_UART_TxCpltCallback
                0x0800bdb8       0x14 Drivers\STM32L4xx_HAL_Driver\stm32l4xx_hal_uart.o
                0x0800bdb8                HAL_UART_TxCpltCallback
 .text.HAL_UART_ErrorCallback
                0x0800bdcc       0x14 Drivers\STM32L4xx_HAL_Driver\stm32l4xx_hal_uart.o
                0x0800bdcc                HAL_UART_ErrorCallback
 .text.UART_SetConfig
                0x0800bde0      0x67c Drivers\STM32L4xx_HAL_Driver\stm32l4xx_hal_uart.o
                0x0800bde0                UART_SetConfig
 .text.UART_AdvFeatureConfig
                0x0800c45c      0x144 Drivers\STM32L4xx_HAL_Driver\stm32l4xx_hal_uart.o
                0x0800c45c                UART_AdvFeatureConfig
 .text.UART_CheckIdleState
                0x0800c5a0       0x92 Drivers\STM32L4xx_HAL_Driver\stm32l4xx_hal_uart.o
                0x0800c5a0                UART_CheckIdleState
 .text.UART_WaitOnFlagUntilTimeout
                0x0800c632       0x94 Drivers\STM32L4xx_HAL_Driver\stm32l4xx_hal_uart.o
                0x0800c632                UART_WaitOnFlagUntilTimeout
 .text.UART_EndRxTransfer
                0x0800c6c6       0x42 Drivers\STM32L4xx_HAL_Driver\stm32l4xx_hal_uart.o
 .text.UART_DMAAbortOnError
                0x0800c708       0x2c Drivers\STM32L4xx_HAL_Driver\stm32l4xx_hal_uart.o
 .text.UART_EndTransmit_IT
                0x0800c734       0x34 Drivers\STM32L4xx_HAL_Driver\stm32l4xx_hal_uart.o
 .text.HAL_UARTEx_WakeupCallback
                0x0800c768       0x14 Drivers\STM32L4xx_HAL_Driver\stm32l4xx_hal_uart_ex.o
                0x0800c768                HAL_UARTEx_WakeupCallback
 .text.USB_CoreInit
                0x0800c77c       0x3c Drivers\STM32L4xx_HAL_Driver\stm32l4xx_ll_usb.o
                0x0800c77c                USB_CoreInit
 .text.USB_EnableGlobalInt
                0x0800c7b8       0x22 Drivers\STM32L4xx_HAL_Driver\stm32l4xx_ll_usb.o
                0x0800c7b8                USB_EnableGlobalInt
 .text.USB_DisableGlobalInt
                0x0800c7da       0x22 Drivers\STM32L4xx_HAL_Driver\stm32l4xx_ll_usb.o
                0x0800c7da                USB_DisableGlobalInt
 .text.USB_SetCurrentMode
                0x0800c7fc       0x4e Drivers\STM32L4xx_HAL_Driver\stm32l4xx_ll_usb.o
                0x0800c7fc                USB_SetCurrentMode
 *fill*         0x0800c84a        0x2 
 .text.USB_FlushTxFifo
                0x0800c84c       0x4c Drivers\STM32L4xx_HAL_Driver\stm32l4xx_ll_usb.o
                0x0800c84c                USB_FlushTxFifo
 .text.USB_FlushRxFifo
                0x0800c898       0x44 Drivers\STM32L4xx_HAL_Driver\stm32l4xx_ll_usb.o
                0x0800c898                USB_FlushRxFifo
 .text.USB_WritePacket
                0x0800c8dc       0x68 Drivers\STM32L4xx_HAL_Driver\stm32l4xx_ll_usb.o
                0x0800c8dc                USB_WritePacket
 .text.USB_ReadPacket
                0x0800c944       0x54 Drivers\STM32L4xx_HAL_Driver\stm32l4xx_ll_usb.o
                0x0800c944                USB_ReadPacket
 .text.USB_ReadInterrupts
                0x0800c998       0x2a Drivers\STM32L4xx_HAL_Driver\stm32l4xx_ll_usb.o
                0x0800c998                USB_ReadInterrupts
 .text.USB_GetMode
                0x0800c9c2       0x1c Drivers\STM32L4xx_HAL_Driver\stm32l4xx_ll_usb.o
                0x0800c9c2                USB_GetMode
 *fill*         0x0800c9de        0x2 
 .text.USB_HostInit
                0x0800c9e0      0x110 Drivers\STM32L4xx_HAL_Driver\stm32l4xx_ll_usb.o
                0x0800c9e0                USB_HostInit
 .text.USB_InitFSLSPClkSel
                0x0800caf0       0x74 Drivers\STM32L4xx_HAL_Driver\stm32l4xx_ll_usb.o
                0x0800caf0                USB_InitFSLSPClkSel
 .text.USB_ResetPort
                0x0800cb64       0x4e Drivers\STM32L4xx_HAL_Driver\stm32l4xx_ll_usb.o
                0x0800cb64                USB_ResetPort
 .text.USB_DriveVbus
                0x0800cbb2       0x72 Drivers\STM32L4xx_HAL_Driver\stm32l4xx_ll_usb.o
                0x0800cbb2                USB_DriveVbus
 .text.USB_GetHostSpeed
                0x0800cc24       0x2a Drivers\STM32L4xx_HAL_Driver\stm32l4xx_ll_usb.o
                0x0800cc24                USB_GetHostSpeed
 .text.USB_GetCurrentFrame
                0x0800cc4e       0x1e Drivers\STM32L4xx_HAL_Driver\stm32l4xx_ll_usb.o
                0x0800cc4e                USB_GetCurrentFrame
 .text.USB_HC_Init
                0x0800cc6c      0x1cc Drivers\STM32L4xx_HAL_Driver\stm32l4xx_ll_usb.o
                0x0800cc6c                USB_HC_Init
 .text.USB_HC_StartXfer
                0x0800ce38      0x21c Drivers\STM32L4xx_HAL_Driver\stm32l4xx_ll_usb.o
                0x0800ce38                USB_HC_StartXfer
 .text.USB_HC_ReadInterrupt
                0x0800d054       0x1e Drivers\STM32L4xx_HAL_Driver\stm32l4xx_ll_usb.o
                0x0800d054                USB_HC_ReadInterrupt
 .text.USB_HC_Halt
                0x0800d072      0x208 Drivers\STM32L4xx_HAL_Driver\stm32l4xx_ll_usb.o
                0x0800d072                USB_HC_Halt
 .text.USB_StopHost
                0x0800d27a      0x11e Drivers\STM32L4xx_HAL_Driver\stm32l4xx_ll_usb.o
                0x0800d27a                USB_StopHost
 .text.USB_CoreReset
                0x0800d398       0x68 Drivers\STM32L4xx_HAL_Driver\stm32l4xx_ll_usb.o
 .text.USBH_CDC_InterfaceInit
                0x0800d400      0x282 Middlewares\USB_Host_Library\usbh_cdc.o
 .text.USBH_CDC_InterfaceDeInit
                0x0800d682       0xb2 Middlewares\USB_Host_Library\usbh_cdc.o
 .text.USBH_CDC_ClassRequest
                0x0800d734       0x42 Middlewares\USB_Host_Library\usbh_cdc.o
 *fill*         0x0800d776        0x2 
 .text.USBH_CDC_Process
                0x0800d778      0x12c Middlewares\USB_Host_Library\usbh_cdc.o
 .text.USBH_CDC_SOFProcess
                0x0800d8a4       0x16 Middlewares\USB_Host_Library\usbh_cdc.o
 .text.GetLineCoding
                0x0800d8ba       0x3e Middlewares\USB_Host_Library\usbh_cdc.o
 .text.SetLineCoding
                0x0800d8f8       0x3e Middlewares\USB_Host_Library\usbh_cdc.o
 .text.CDC_ProcessTransmission
                0x0800d936       0xf0 Middlewares\USB_Host_Library\usbh_cdc.o
 .text.CDC_ProcessReception
                0x0800da26       0xb6 Middlewares\USB_Host_Library\usbh_cdc.o
 .text.USBH_CDC_TransmitCallback
                0x0800dadc       0x14 Middlewares\USB_Host_Library\usbh_cdc.o
                0x0800dadc                USBH_CDC_TransmitCallback
 .text.USBH_CDC_ReceiveCallback
                0x0800daf0       0x14 Middlewares\USB_Host_Library\usbh_cdc.o
                0x0800daf0                USBH_CDC_ReceiveCallback
 .text.USBH_CDC_LineCodingChanged
                0x0800db04       0x14 Middlewares\USB_Host_Library\usbh_cdc.o
                0x0800db04                USBH_CDC_LineCodingChanged
 .text.USBH_Init
                0x0800db18       0x54 Middlewares\USB_Host_Library\usbh_core.o
                0x0800db18                USBH_Init
 .text.DeInitStateMachine
                0x0800db6c       0x94 Middlewares\USB_Host_Library\usbh_core.o
 .text.USBH_RegisterClass
                0x0800dc00       0x54 Middlewares\USB_Host_Library\usbh_core.o
                0x0800dc00                USBH_RegisterClass
 .text.USBH_SelectInterface
                0x0800dc54       0x38 Middlewares\USB_Host_Library\usbh_core.o
                0x0800dc54                USBH_SelectInterface
 .text.USBH_FindInterface
                0x0800dc8c       0x96 Middlewares\USB_Host_Library\usbh_core.o
                0x0800dc8c                USBH_FindInterface
 .text.USBH_Start
                0x0800dd22       0x20 Middlewares\USB_Host_Library\usbh_core.o
                0x0800dd22                USBH_Start
 *fill*         0x0800dd42        0x2 
 .text.USBH_Process
                0x0800dd44      0x298 Middlewares\USB_Host_Library\usbh_core.o
                0x0800dd44                USBH_Process
 .text.USBH_HandleEnum
                0x0800dfdc      0x234 Middlewares\USB_Host_Library\usbh_core.o
 .text.USBH_LL_SetTimer
                0x0800e210       0x1e Middlewares\USB_Host_Library\usbh_core.o
                0x0800e210                USBH_LL_SetTimer
 .text.USBH_LL_IncTimer
                0x0800e22e       0x24 Middlewares\USB_Host_Library\usbh_core.o
                0x0800e22e                USBH_LL_IncTimer
 .text.USBH_HandleSof
                0x0800e252       0x30 Middlewares\USB_Host_Library\usbh_core.o
 .text.USBH_LL_Connect
                0x0800e282       0x4c Middlewares\USB_Host_Library\usbh_core.o
                0x0800e282                USBH_LL_Connect
 .text.USBH_LL_Disconnect
                0x0800e2ce       0x5a Middlewares\USB_Host_Library\usbh_core.o
                0x0800e2ce                USBH_LL_Disconnect
 .text.USBH_Get_DevDesc
                0x0800e328       0x50 Middlewares\USB_Host_Library\usbh_ctlreq.o
                0x0800e328                USBH_Get_DevDesc
 .text.USBH_Get_CfgDesc
                0x0800e378       0x48 Middlewares\USB_Host_Library\usbh_ctlreq.o
                0x0800e378                USBH_Get_CfgDesc
 .text.USBH_Get_StringDesc
                0x0800e3c0       0x56 Middlewares\USB_Host_Library\usbh_ctlreq.o
                0x0800e3c0                USBH_Get_StringDesc
 .text.USBH_GetDescriptor
                0x0800e416       0x6a Middlewares\USB_Host_Library\usbh_ctlreq.o
                0x0800e416                USBH_GetDescriptor
 .text.USBH_SetAddress
                0x0800e480       0x48 Middlewares\USB_Host_Library\usbh_ctlreq.o
                0x0800e480                USBH_SetAddress
 .text.USBH_SetCfg
                0x0800e4c8       0x46 Middlewares\USB_Host_Library\usbh_ctlreq.o
                0x0800e4c8                USBH_SetCfg
 .text.USBH_ClrFeature
                0x0800e50e       0x48 Middlewares\USB_Host_Library\usbh_ctlreq.o
                0x0800e50e                USBH_ClrFeature
 .text.USBH_ParseDevDesc
                0x0800e556       0xe0 Middlewares\USB_Host_Library\usbh_ctlreq.o
 .text.USBH_ParseCfgDesc
                0x0800e636      0x14c Middlewares\USB_Host_Library\usbh_ctlreq.o
 .text.USBH_ParseInterfaceDesc
                0x0800e782       0x5e Middlewares\USB_Host_Library\usbh_ctlreq.o
 .text.USBH_ParseEPDesc
                0x0800e7e0       0x5a Middlewares\USB_Host_Library\usbh_ctlreq.o
 .text.USBH_ParseStringDesc
                0x0800e83a       0x66 Middlewares\USB_Host_Library\usbh_ctlreq.o
 .text.USBH_GetNextDesc
                0x0800e8a0       0x36 Middlewares\USB_Host_Library\usbh_ctlreq.o
                0x0800e8a0                USBH_GetNextDesc
 .text.USBH_CtlReq
                0x0800e8d6       0x7c Middlewares\USB_Host_Library\usbh_ctlreq.o
                0x0800e8d6                USBH_CtlReq
 *fill*         0x0800e952        0x2 
 .text.USBH_HandleControl
                0x0800e954      0x2d0 Middlewares\USB_Host_Library\usbh_ctlreq.o
 .text.USBH_CtlSendSetup
                0x0800ec24       0x34 Middlewares\USB_Host_Library\usbh_ioreq.o
                0x0800ec24                USBH_CtlSendSetup
 .text.USBH_CtlSendData
                0x0800ec58       0x4a Middlewares\USB_Host_Library\usbh_ioreq.o
                0x0800ec58                USBH_CtlSendData
 .text.USBH_CtlReceiveData
                0x0800eca2       0x3c Middlewares\USB_Host_Library\usbh_ioreq.o
                0x0800eca2                USBH_CtlReceiveData
 .text.USBH_BulkSendData
                0x0800ecde       0x4a Middlewares\USB_Host_Library\usbh_ioreq.o
                0x0800ecde                USBH_BulkSendData
 .text.USBH_BulkReceiveData
                0x0800ed28       0x3c Middlewares\USB_Host_Library\usbh_ioreq.o
                0x0800ed28                USBH_BulkReceiveData
 .text.USBH_OpenPipe
                0x0800ed64       0x3e Middlewares\USB_Host_Library\usbh_pipes.o
                0x0800ed64                USBH_OpenPipe
 .text.USBH_ClosePipe
                0x0800eda2       0x20 Middlewares\USB_Host_Library\usbh_pipes.o
                0x0800eda2                USBH_ClosePipe
 .text.USBH_AllocPipe
                0x0800edc2       0x40 Middlewares\USB_Host_Library\usbh_pipes.o
                0x0800edc2                USBH_AllocPipe
 .text.USBH_FreePipe
                0x0800ee02       0x3e Middlewares\USB_Host_Library\usbh_pipes.o
                0x0800ee02                USBH_FreePipe
 .text.USBH_GetFreePipe
                0x0800ee40       0x48 Middlewares\USB_Host_Library\usbh_pipes.o
 .text.__libc_init_array
                0x0800ee88       0x48 d:/programy/atollic/truestudio for stm32 9.0.1/armtools/bin/../lib/gcc/arm-atollic-eabi/6.3.1/../../../../arm-atollic-eabi/lib/armv7e-m/fpu\libc_nano.a(lib_a-init.o)
                0x0800ee88                __libc_init_array
 .text.malloc   0x0800eed0       0x10 d:/programy/atollic/truestudio for stm32 9.0.1/armtools/bin/../lib/gcc/arm-atollic-eabi/6.3.1/../../../../arm-atollic-eabi/lib/armv7e-m/fpu\libc_nano.a(lib_a-malloc.o)
                0x0800eed0                malloc
 .text.free     0x0800eee0       0x10 d:/programy/atollic/truestudio for stm32 9.0.1/armtools/bin/../lib/gcc/arm-atollic-eabi/6.3.1/../../../../arm-atollic-eabi/lib/armv7e-m/fpu\libc_nano.a(lib_a-malloc.o)
                0x0800eee0                free
 .text.memcpy   0x0800eef0       0x16 d:/programy/atollic/truestudio for stm32 9.0.1/armtools/bin/../lib/gcc/arm-atollic-eabi/6.3.1/../../../../arm-atollic-eabi/lib/armv7e-m/fpu\libc_nano.a(lib_a-memcpy-stub.o)
                0x0800eef0                memcpy
 .text.memset   0x0800ef06       0x10 d:/programy/atollic/truestudio for stm32 9.0.1/armtools/bin/../lib/gcc/arm-atollic-eabi/6.3.1/../../../../arm-atollic-eabi/lib/armv7e-m/fpu\libc_nano.a(lib_a-memset.o)
                0x0800ef06                memset
 *fill*         0x0800ef16        0x2 
 .text._free_r  0x0800ef18       0x9c d:/programy/atollic/truestudio for stm32 9.0.1/armtools/bin/../lib/gcc/arm-atollic-eabi/6.3.1/../../../../arm-atollic-eabi/lib/armv7e-m/fpu\libc_nano.a(lib_a-nano-freer.o)
                0x0800ef18                _free_r
 .text._malloc_r
                0x0800efb4       0xbc d:/programy/atollic/truestudio for stm32 9.0.1/armtools/bin/../lib/gcc/arm-atollic-eabi/6.3.1/../../../../arm-atollic-eabi/lib/armv7e-m/fpu\libc_nano.a(lib_a-nano-mallocr.o)
                0x0800efb4                _malloc_r
 .text._sbrk_r  0x0800f070       0x20 d:/programy/atollic/truestudio for stm32 9.0.1/armtools/bin/../lib/gcc/arm-atollic-eabi/6.3.1/../../../../arm-atollic-eabi/lib/armv7e-m/fpu\libc_nano.a(lib_a-sbrkr.o)
                0x0800f070                _sbrk_r
 .text.sprintf  0x0800f090       0x48 d:/programy/atollic/truestudio for stm32 9.0.1/armtools/bin/../lib/gcc/arm-atollic-eabi/6.3.1/../../../../arm-atollic-eabi/lib/armv7e-m/fpu\libc_nano.a(lib_a-sprintf.o)
                0x0800f090                siprintf
                0x0800f090                sprintf
 .text.__malloc_lock
                0x0800f0d8        0x2 d:/programy/atollic/truestudio for stm32 9.0.1/armtools/bin/../lib/gcc/arm-atollic-eabi/6.3.1/../../../../arm-atollic-eabi/lib/armv7e-m/fpu\libc_nano.a(lib_a-mlock.o)
                0x0800f0d8                __malloc_lock
 .text.__malloc_unlock
                0x0800f0da        0x2 d:/programy/atollic/truestudio for stm32 9.0.1/armtools/bin/../lib/gcc/arm-atollic-eabi/6.3.1/../../../../arm-atollic-eabi/lib/armv7e-m/fpu\libc_nano.a(lib_a-mlock.o)
                0x0800f0da                __malloc_unlock
 .text.__ssputs_r
                0x0800f0dc       0xb6 d:/programy/atollic/truestudio for stm32 9.0.1/armtools/bin/../lib/gcc/arm-atollic-eabi/6.3.1/../../../../arm-atollic-eabi/lib/armv7e-m/fpu\libc_nano.a(lib_a-nano-svfprintf.o)
                0x0800f0dc                __ssputs_r
 *fill*         0x0800f192        0x2 
 .text._svfprintf_r
                0x0800f194      0x1e8 d:/programy/atollic/truestudio for stm32 9.0.1/armtools/bin/../lib/gcc/arm-atollic-eabi/6.3.1/../../../../arm-atollic-eabi/lib/armv7e-m/fpu\libc_nano.a(lib_a-nano-svfprintf.o)
                0x0800f194                _svfiprintf_r
                0x0800f194                _svfprintf_r
 .text._printf_common
                0x0800f37c       0xec d:/programy/atollic/truestudio for stm32 9.0.1/armtools/bin/../lib/gcc/arm-atollic-eabi/6.3.1/../../../../arm-atollic-eabi/lib/armv7e-m/fpu\libc_nano.a(lib_a-nano-vfprintf_i.o)
                0x0800f37c                _printf_common
 .text._printf_i
                0x0800f468      0x240 d:/programy/atollic/truestudio for stm32 9.0.1/armtools/bin/../lib/gcc/arm-atollic-eabi/6.3.1/../../../../arm-atollic-eabi/lib/armv7e-m/fpu\libc_nano.a(lib_a-nano-vfprintf_i.o)
                0x0800f468                _printf_i
 .text.memmove  0x0800f6a8       0x34 d:/programy/atollic/truestudio for stm32 9.0.1/armtools/bin/../lib/gcc/arm-atollic-eabi/6.3.1/../../../../arm-atollic-eabi/lib/armv7e-m/fpu\libc_nano.a(lib_a-memmove.o)
                0x0800f6a8                memmove
 .text._realloc_r
                0x0800f6dc       0x4c d:/programy/atollic/truestudio for stm32 9.0.1/armtools/bin/../lib/gcc/arm-atollic-eabi/6.3.1/../../../../arm-atollic-eabi/lib/armv7e-m/fpu\libc_nano.a(lib_a-nano-reallocr.o)
                0x0800f6dc                _realloc_r
 .text._malloc_usable_size_r
                0x0800f728       0x12 d:/programy/atollic/truestudio for stm32 9.0.1/armtools/bin/../lib/gcc/arm-atollic-eabi/6.3.1/../../../../arm-atollic-eabi/lib/armv7e-m/fpu\libc_nano.a(lib_a-nano-msizer.o)
                0x0800f728                _malloc_usable_size_r
 *fill*         0x0800f73a        0x2 
 .text._sbrk    0x0800f73c       0x1c d:/programy/atollic/truestudio for stm32 9.0.1/armtools/bin/../lib/gcc/arm-atollic-eabi/6.3.1/../../../../arm-atollic-eabi/lib/armv7e-m/fpu\libnosys.a(sbrk.o)
                0x0800f73c                _sbrk
 *(.glue_7)
 .glue_7        0x0800f758        0x0 linker stubs
 *(.glue_7t)
 .glue_7t       0x0800f758        0x0 linker stubs
 *(.eh_frame)
 .eh_frame      0x0800f758        0x0 d:/programy/atollic/truestudio for stm32 9.0.1/armtools/bin/../lib/gcc/arm-atollic-eabi/6.3.1/armv7e-m/fpu/crtbegin.o
 *(.init)
 .init          0x0800f758        0x4 d:/programy/atollic/truestudio for stm32 9.0.1/armtools/bin/../lib/gcc/arm-atollic-eabi/6.3.1/armv7e-m/fpu/crti.o
                0x0800f758                _init
 .init          0x0800f75c        0x8 d:/programy/atollic/truestudio for stm32 9.0.1/armtools/bin/../lib/gcc/arm-atollic-eabi/6.3.1/armv7e-m/fpu/crtn.o
 *(.fini)
 .fini          0x0800f764        0x4 d:/programy/atollic/truestudio for stm32 9.0.1/armtools/bin/../lib/gcc/arm-atollic-eabi/6.3.1/armv7e-m/fpu/crti.o
                0x0800f764                _fini
 .fini          0x0800f768        0x8 d:/programy/atollic/truestudio for stm32 9.0.1/armtools/bin/../lib/gcc/arm-atollic-eabi/6.3.1/armv7e-m/fpu/crtn.o
                0x0800f770                . = ALIGN (0x4)
                0x0800f770                _etext = .

.vfp11_veneer   0x0800f770        0x0
 .vfp11_veneer  0x0800f770        0x0 linker stubs

.v4_bx          0x0800f770        0x0
 .v4_bx         0x0800f770        0x0 linker stubs

.iplt           0x0800f770        0x0
 .iplt          0x0800f770        0x0 d:/programy/atollic/truestudio for stm32 9.0.1/armtools/bin/../lib/gcc/arm-atollic-eabi/6.3.1/armv7e-m/fpu/crtbegin.o

.rodata         0x0800f770      0x1ec
                0x0800f770                . = ALIGN (0x4)
 *(.rodata)
 .rodata        0x0800f770       0x13 Application\User\dac.o
 *fill*         0x0800f783        0x1 
 .rodata        0x0800f784       0x15 Application\User\dfsdm.o
 *fill*         0x0800f799        0x3 
 .rodata        0x0800f79c       0x13 Application\User\dma.o
 *fill*         0x0800f7af        0x1 
 .rodata        0x0800f7b0       0x13 Application\User\i2c.o
 *fill*         0x0800f7c3        0x1 
 .rodata        0x0800f7c4       0x13 Application\User\lcd.o
 *fill*         0x0800f7d7        0x1 
 .rodata        0x0800f7d8       0x48 Application\User\main.o
 .rodata        0x0800f820       0x17 Application\User\quadspi.o
 *fill*         0x0800f837        0x1 
 .rodata        0x0800f838       0x13 Application\User\sai.o
 *fill*         0x0800f84b        0x1 
 .rodata        0x0800f84c       0x13 Application\User\spi.o
 *fill*         0x0800f85f        0x1 
 .rodata        0x0800f860       0x15 Application\User\usart.o
 *fill*         0x0800f875        0x3 
 .rodata        0x0800f878       0x19 Application\User\usbh_conf.o
 *fill*         0x0800f891        0x3 
 .rodata        0x0800f894        0x4 Middlewares\USB_Host_Library\usbh_cdc.o
 *(.rodata*)
 .rodata.CapLetterMap
                0x0800f898       0x34 Drivers\BSP\STM32L476G-Discovery\stm32l476g_discovery_glass_lcd.o
                0x0800f898                CapLetterMap
 .rodata.NumberMap
                0x0800f8cc       0x14 Drivers\BSP\STM32L476G-Discovery\stm32l476g_discovery_glass_lcd.o
                0x0800f8cc                NumberMap
 .rodata.AHBPrescTable
                0x0800f8e0       0x10 Drivers\CMSIS\system_stm32l4xx.o
                0x0800f8e0                AHBPrescTable
 .rodata.APBPrescTable
                0x0800f8f0        0x8 Drivers\CMSIS\system_stm32l4xx.o
                0x0800f8f0                APBPrescTable
 .rodata.MSIRangeTable
                0x0800f8f8       0x30 Drivers\CMSIS\system_stm32l4xx.o
                0x0800f8f8                MSIRangeTable
 .rodata._svfprintf_r.str1.1
                0x0800f928       0x11 d:/programy/atollic/truestudio for stm32 9.0.1/armtools/bin/../lib/gcc/arm-atollic-eabi/6.3.1/../../../../arm-atollic-eabi/lib/armv7e-m/fpu\libc_nano.a(lib_a-nano-svfprintf.o)
 .rodata._printf_i.str1.1
                0x0800f939       0x22 d:/programy/atollic/truestudio for stm32 9.0.1/armtools/bin/../lib/gcc/arm-atollic-eabi/6.3.1/../../../../arm-atollic-eabi/lib/armv7e-m/fpu\libc_nano.a(lib_a-nano-vfprintf_i.o)
                0x0800f95c                . = ALIGN (0x4)
 *fill*         0x0800f95b        0x1 

.ARM.extab
 *(.ARM.extab* .gnu.linkonce.armextab.*)

.ARM            0x0800f95c        0x8
                0x0800f95c                __exidx_start = .
 *(.ARM.exidx*)
 .ARM.exidx     0x0800f95c        0x8 d:/programy/atollic/truestudio for stm32 9.0.1/armtools/bin/../lib/gcc/arm-atollic-eabi/6.3.1/armv7e-m/fpu\libgcc.a(_udivmoddi4.o)
                0x0800f964                __exidx_end = .

.rel.dyn        0x0800f964        0x0
 .rel.iplt      0x0800f964        0x0 d:/programy/atollic/truestudio for stm32 9.0.1/armtools/bin/../lib/gcc/arm-atollic-eabi/6.3.1/armv7e-m/fpu/crtbegin.o

.preinit_array  0x0800f964        0x0
                0x0800f964                PROVIDE (__preinit_array_start, .)
 *(.preinit_array*)
                0x0800f964                PROVIDE (__preinit_array_end, .)

.init_array     0x0800f964        0x4
                0x0800f964                PROVIDE (__init_array_start, .)
 *(SORT(.init_array.*))
 *(.init_array*)
 .init_array    0x0800f964        0x4 d:/programy/atollic/truestudio for stm32 9.0.1/armtools/bin/../lib/gcc/arm-atollic-eabi/6.3.1/armv7e-m/fpu/crtbegin.o
                0x0800f968                PROVIDE (__init_array_end, .)

.fini_array     0x0800f968        0x4
                [!provide]                PROVIDE (__fini_array_start, .)
 *(SORT(.fini_array.*))
 *(.fini_array*)
 .fini_array    0x0800f968        0x4 d:/programy/atollic/truestudio for stm32 9.0.1/armtools/bin/../lib/gcc/arm-atollic-eabi/6.3.1/armv7e-m/fpu/crtbegin.o
                [!provide]                PROVIDE (__fini_array_end, .)
                0x0800f96c                _sidata = LOADADDR (.data)

.data           0x20000000       0xc4 load address 0x0800f96c
                0x20000000                . = ALIGN (0x4)
                0x20000000                _sdata = .
 *(.data)
 *(.data*)
 .data.buff_size
                0x20000000        0x2 Application\User\main.o
                0x20000000                buff_size
 .data.volume   0x20000002        0x1 Application\User\main.o
                0x20000002                volume
 *fill*         0x20000003        0x1 
 .data.cs43l22_drv
                0x20000004       0x30 Drivers\BSP\Components\cs43l22\cs43l22.o
                0x20000004                cs43l22_drv
 .data.Is_cs43l22_Stop
                0x20000034        0x1 Drivers\BSP\Components\cs43l22\cs43l22.o
 *fill*         0x20000035        0x3 
 .data.I2c1Timeout
                0x20000038        0x4 Drivers\BSP\STM32L476G-Discovery\stm32l476g_discovery.o
                0x20000038                I2c1Timeout
 .data.SystemCoreClock
                0x2000003c        0x4 Drivers\CMSIS\system_stm32l4xx.o
                0x2000003c                SystemCoreClock
 .data.CDC_Class
                0x20000040       0x20 Middlewares\USB_Host_Library\usbh_cdc.o
                0x20000040                CDC_Class
 .data._impure_ptr
                0x20000060        0x4 d:/programy/atollic/truestudio for stm32 9.0.1/armtools/bin/../lib/gcc/arm-atollic-eabi/6.3.1/../../../../arm-atollic-eabi/lib/armv7e-m/fpu\libc_nano.a(lib_a-impure.o)
                0x20000060                _impure_ptr
 .data.impure_data
                0x20000064       0x60 d:/programy/atollic/truestudio for stm32 9.0.1/armtools/bin/../lib/gcc/arm-atollic-eabi/6.3.1/../../../../arm-atollic-eabi/lib/armv7e-m/fpu\libc_nano.a(lib_a-impure.o)
                0x200000c4                . = ALIGN (0x4)
                0x200000c4                _edata = .

.igot.plt       0x200000c4        0x0 load address 0x0800fa30
 .igot.plt      0x200000c4        0x0 d:/programy/atollic/truestudio for stm32 9.0.1/armtools/bin/../lib/gcc/arm-atollic-eabi/6.3.1/armv7e-m/fpu/crtbegin.o
                0x200000c4                . = ALIGN (0x4)

.bss            0x200000c4     0x1c28 load address 0x0800fa30
                0x200000c4                _sbss = .
                0x200000c4                __bss_start__ = _sbss
 *(.bss)
 .bss           0x200000c4       0x1c d:/programy/atollic/truestudio for stm32 9.0.1/armtools/bin/../lib/gcc/arm-atollic-eabi/6.3.1/armv7e-m/fpu/crtbegin.o
 *(.bss*)
 .bss.DFSDM1_Init
                0x200000e0        0x4 Application\User\dfsdm.o
 .bss.start     0x200000e4        0x4 Application\User\main.o
                0x200000e4                start
 .bss.read      0x200000e8        0x4 Application\User\main.o
                0x200000e8                read
 .bss.end       0x200000ec        0x4 Application\User\main.o
                0x200000ec                end
 .bss.btr       0x200000f0        0x4 Application\User\main.o
                0x200000f0                btr
 .bss.complete_flag
                0x200000f4        0x1 Application\User\main.o
                0x200000f4                complete_flag
 .bss.half_complete_flag
                0x200000f5        0x1 Application\User\main.o
                0x200000f5                half_complete_flag
 .bss.isPlaying
                0x200000f6        0x1 Application\User\main.o
                0x200000f6                isPlaying
 .bss.isPaused  0x200000f7        0x1 Application\User\main.o
                0x200000f7                isPaused
 .bss.SAI1_client
                0x200000f8        0x4 Application\User\sai.o
 .bss.Appli_state
                0x200000fc        0x1 Application\User\usb_host.o
                0x200000fc                Appli_state
 .bss.OutputDev
                0x200000fd        0x1 Drivers\BSP\Components\cs43l22\cs43l22.o
                0x200000fd                OutputDev
 *fill*         0x200000fe        0x2 
 .bss.I2c1Handle
                0x20000100       0x4c Drivers\BSP\STM32L476G-Discovery\stm32l476g_discovery.o
 .bss.hAudioOut
                0x2000014c       0x10 Drivers\BSP\STM32L476G-Discovery\stm32l476g_discovery_audio.o
 .bss.bLCDGlass_KeyPressed
                0x2000015c        0x1 Drivers\BSP\STM32L476G-Discovery\stm32l476g_discovery_glass_lcd.o
                0x2000015c                bLCDGlass_KeyPressed
 *fill*         0x2000015d        0x3 
 .bss.v_dfsdm1ChannelCounter
                0x20000160        0x4 Drivers\STM32L4xx_HAL_Driver\stm32l4xx_hal_dfsdm.o
                0x20000160                v_dfsdm1ChannelCounter
 .bss.a_dfsdm1ChannelHandle
                0x20000164       0x20 Drivers\STM32L4xx_HAL_Driver\stm32l4xx_hal_dfsdm.o
                0x20000164                a_dfsdm1ChannelHandle
 .bss.__malloc_free_list
                0x20000184        0x4 d:/programy/atollic/truestudio for stm32 9.0.1/armtools/bin/../lib/gcc/arm-atollic-eabi/6.3.1/../../../../arm-atollic-eabi/lib/armv7e-m/fpu\libc_nano.a(lib_a-nano-mallocr.o)
                0x20000184                __malloc_free_list
 .bss.__malloc_sbrk_start
                0x20000188        0x4 d:/programy/atollic/truestudio for stm32 9.0.1/armtools/bin/../lib/gcc/arm-atollic-eabi/6.3.1/../../../../arm-atollic-eabi/lib/armv7e-m/fpu\libc_nano.a(lib_a-nano-mallocr.o)
                0x20000188                __malloc_sbrk_start
 .bss.heap_end.5239
                0x2000018c        0x4 d:/programy/atollic/truestudio for stm32 9.0.1/armtools/bin/../lib/gcc/arm-atollic-eabi/6.3.1/../../../../arm-atollic-eabi/lib/armv7e-m/fpu\libnosys.a(sbrk.o)
 *(COMMON)
 COMMON         0x20000190       0x14 Application\User\dac.o
                0x20000190                hdac1
 COMMON         0x200001a4       0x70 Application\User\dfsdm.o
                0x200001a4                hdfsdm1_channel1
                0x200001dc                hdfsdm1_channel0
 COMMON         0x20000214       0x48 Application\User\dma.o
                0x20000214                hdma_memtomem_dma1_channel1
 COMMON         0x2000025c       0x98 Application\User\i2c.o
                0x2000025c                hi2c1
                0x200002a8                hi2c2
 COMMON         0x200002f4       0x3c Application\User\lcd.o
                0x200002f4                hlcd
 COMMON         0x20000330     0x1000 Application\User\main.o
                0x20000330                buff
 COMMON         0x20001330       0x44 Application\User\quadspi.o
                0x20001330                hqspi
 COMMON         0x20001374       0xcc Application\User\sai.o
                0x20001374                hdma_sai1_a
                0x200013bc                hsai_BlockA1
 COMMON         0x20001440       0x64 Application\User\spi.o
                0x20001440                hspi2
 COMMON         0x200014a4       0x78 Application\User\usart.o
                0x200014a4                huart2
 COMMON         0x2000151c      0x3c8 Application\User\usb_host.o
                0x2000151c                hUsbHostFS
 COMMON         0x200018e4      0x298 Application\User\usbh_conf.o
                0x200018e4                hhcd_USB_OTG_FS
 COMMON         0x20001b7c       0xd8 Drivers\BSP\STM32L476G-Discovery\stm32l476g_discovery_audio.o
                0x20001b7c                BSP_AUDIO_hDfsdmLeftFilter
                0x20001bd0                BSP_AUDIO_hSai
 COMMON         0x20001c54       0x4c Drivers\BSP\STM32L476G-Discovery\stm32l476g_discovery_glass_lcd.o
                0x20001c54                Digit
                0x20001c64                LCDHandle
 COMMON         0x20001ca0       0x44 Drivers\BSP\STM32L476G-Discovery\stm32l476g_discovery_qspi.o
                0x20001ca0                QSPIHandle
 COMMON         0x20001ce4        0x4 Drivers\STM32L4xx_HAL_Driver\stm32l4xx_hal.o
                0x20001ce4                uwTick
 COMMON         0x20001ce8        0x4 d:/programy/atollic/truestudio for stm32 9.0.1/armtools/bin/../lib/gcc/arm-atollic-eabi/6.3.1/../../../../arm-atollic-eabi/lib/armv7e-m/fpu\libc_nano.a(lib_a-reent.o)
                0x20001ce8                errno
                0x20001cec                . = ALIGN (0x4)
                0x20001cec                _ebss = .
                0x20001cec                __bss_end__ = _ebss

._user_heap_stack
                0x20001cec      0x600 load address 0x0800fa30
                0x20001cec                . = ALIGN (0x4)
                [!provide]                PROVIDE (end, .)
                [!provide]                PROVIDE (_end, .)
                0x20001eec                . = (. + _Min_Heap_Size)
 *fill*         0x20001cec      0x200 
                0x200022ec                . = (. + _Min_Stack_Size)
 *fill*         0x20001eec      0x400 
                0x200022ec                . = ALIGN (0x4)

/DISCARD/
 libc.a(*)
 libm.a(*)
 libgcc.a(*)

.ARM.attributes
                0x00000000       0x30
 *(.ARM.attributes)
 .ARM.attributes
                0x00000000       0x22 d:/programy/atollic/truestudio for stm32 9.0.1/armtools/bin/../lib/gcc/arm-atollic-eabi/6.3.1/armv7e-m/fpu/crti.o
 .ARM.attributes
                0x00000022       0x34 d:/programy/atollic/truestudio for stm32 9.0.1/armtools/bin/../lib/gcc/arm-atollic-eabi/6.3.1/armv7e-m/fpu/crtbegin.o
 .ARM.attributes
                0x00000056       0x21 Application\TrueSTUDIO\startup_stm32l476xx.o
 .ARM.attributes
                0x00000077       0x39 Application\User\dac.o
 .ARM.attributes
                0x000000b0       0x39 Application\User\dfsdm.o
 .ARM.attributes
                0x000000e9       0x39 Application\User\dma.o
 .ARM.attributes
                0x00000122       0x39 Application\User\gpio.o
 .ARM.attributes
                0x0000015b       0x39 Application\User\i2c.o
 .ARM.attributes
                0x00000194       0x39 Application\User\lcd.o
 .ARM.attributes
                0x000001cd       0x39 Application\User\main.o
 .ARM.attributes
                0x00000206       0x39 Application\User\quadspi.o
 .ARM.attributes
                0x0000023f       0x39 Application\User\sai.o
 .ARM.attributes
                0x00000278       0x39 Application\User\spi.o
 .ARM.attributes
                0x000002b1       0x39 Application\User\stm32l4xx_hal_msp.o
 .ARM.attributes
                0x000002ea       0x39 Application\User\stm32l4xx_it.o
 .ARM.attributes
                0x00000323       0x39 Application\User\usart.o
 .ARM.attributes
                0x0000035c       0x39 Application\User\usb_host.o
 .ARM.attributes
                0x00000395       0x39 Application\User\usbh_conf.o
 .ARM.attributes
                0x000003ce       0x39 Application\User\usbh_platform.o
 .ARM.attributes
                0x00000407       0x39 Drivers\BSP\Components\cs43l22\cs43l22.o
 .ARM.attributes
                0x00000440       0x39 Drivers\BSP\STM32L476G-Discovery\stm32l476g_discovery.o
 .ARM.attributes
                0x00000479       0x39 Drivers\BSP\STM32L476G-Discovery\stm32l476g_discovery_audio.o
 .ARM.attributes
                0x000004b2       0x39 Drivers\BSP\STM32L476G-Discovery\stm32l476g_discovery_glass_lcd.o
 .ARM.attributes
                0x000004eb       0x39 Drivers\BSP\STM32L476G-Discovery\stm32l476g_discovery_qspi.o
 .ARM.attributes
                0x00000524       0x39 Drivers\CMSIS\system_stm32l4xx.o
 .ARM.attributes
                0x0000055d       0x39 Drivers\STM32L4xx_HAL_Driver\stm32l4xx_hal.o
 .ARM.attributes
                0x00000596       0x39 Drivers\STM32L4xx_HAL_Driver\stm32l4xx_hal_cortex.o
 .ARM.attributes
                0x000005cf       0x39 Drivers\STM32L4xx_HAL_Driver\stm32l4xx_hal_dac.o
 .ARM.attributes
                0x00000608       0x39 Drivers\STM32L4xx_HAL_Driver\stm32l4xx_hal_dfsdm.o
 .ARM.attributes
                0x00000641       0x39 Drivers\STM32L4xx_HAL_Driver\stm32l4xx_hal_dma.o
 .ARM.attributes
                0x0000067a       0x39 Drivers\STM32L4xx_HAL_Driver\stm32l4xx_hal_gpio.o
 .ARM.attributes
                0x000006b3       0x39 Drivers\STM32L4xx_HAL_Driver\stm32l4xx_hal_hcd.o
 .ARM.attributes
                0x000006ec       0x39 Drivers\STM32L4xx_HAL_Driver\stm32l4xx_hal_i2c.o
 .ARM.attributes
                0x00000725       0x39 Drivers\STM32L4xx_HAL_Driver\stm32l4xx_hal_i2c_ex.o
 .ARM.attributes
                0x0000075e       0x39 Drivers\STM32L4xx_HAL_Driver\stm32l4xx_hal_lcd.o
 .ARM.attributes
                0x00000797       0x39 Drivers\STM32L4xx_HAL_Driver\stm32l4xx_hal_pwr_ex.o
 .ARM.attributes
                0x000007d0       0x39 Drivers\STM32L4xx_HAL_Driver\stm32l4xx_hal_qspi.o
 .ARM.attributes
                0x00000809       0x39 Drivers\STM32L4xx_HAL_Driver\stm32l4xx_hal_rcc.o
 .ARM.attributes
                0x00000842       0x39 Drivers\STM32L4xx_HAL_Driver\stm32l4xx_hal_rcc_ex.o
 .ARM.attributes
                0x0000087b       0x39 Drivers\STM32L4xx_HAL_Driver\stm32l4xx_hal_sai.o
 .ARM.attributes
                0x000008b4       0x39 Drivers\STM32L4xx_HAL_Driver\stm32l4xx_hal_spi.o
 .ARM.attributes
                0x000008ed       0x39 Drivers\STM32L4xx_HAL_Driver\stm32l4xx_hal_uart.o
 .ARM.attributes
                0x00000926       0x39 Drivers\STM32L4xx_HAL_Driver\stm32l4xx_hal_uart_ex.o
 .ARM.attributes
                0x0000095f       0x39 Drivers\STM32L4xx_HAL_Driver\stm32l4xx_ll_usb.o
 .ARM.attributes
                0x00000998       0x39 Middlewares\USB_Host_Library\usbh_cdc.o
 .ARM.attributes
                0x000009d1       0x39 Middlewares\USB_Host_Library\usbh_core.o
 .ARM.attributes
                0x00000a0a       0x39 Middlewares\USB_Host_Library\usbh_ctlreq.o
 .ARM.attributes
                0x00000a43       0x39 Middlewares\USB_Host_Library\usbh_ioreq.o
 .ARM.attributes
                0x00000a7c       0x39 Middlewares\USB_Host_Library\usbh_pipes.o
 .ARM.attributes
                0x00000ab5       0x34 d:/programy/atollic/truestudio for stm32 9.0.1/armtools/bin/../lib/gcc/arm-atollic-eabi/6.3.1/../../../../arm-atollic-eabi/lib/armv7e-m/fpu\libc_nano.a(lib_a-init.o)
 .ARM.attributes
                0x00000ae9       0x34 d:/programy/atollic/truestudio for stm32 9.0.1/armtools/bin/../lib/gcc/arm-atollic-eabi/6.3.1/../../../../arm-atollic-eabi/lib/armv7e-m/fpu\libc_nano.a(lib_a-malloc.o)
 .ARM.attributes
                0x00000b1d       0x34 d:/programy/atollic/truestudio for stm32 9.0.1/armtools/bin/../lib/gcc/arm-atollic-eabi/6.3.1/../../../../arm-atollic-eabi/lib/armv7e-m/fpu\libc_nano.a(lib_a-memcpy-stub.o)
 .ARM.attributes
                0x00000b51       0x34 d:/programy/atollic/truestudio for stm32 9.0.1/armtools/bin/../lib/gcc/arm-atollic-eabi/6.3.1/../../../../arm-atollic-eabi/lib/armv7e-m/fpu\libc_nano.a(lib_a-memset.o)
 .ARM.attributes
                0x00000b85       0x34 d:/programy/atollic/truestudio for stm32 9.0.1/armtools/bin/../lib/gcc/arm-atollic-eabi/6.3.1/../../../../arm-atollic-eabi/lib/armv7e-m/fpu\libc_nano.a(lib_a-nano-freer.o)
 .ARM.attributes
                0x00000bb9       0x34 d:/programy/atollic/truestudio for stm32 9.0.1/armtools/bin/../lib/gcc/arm-atollic-eabi/6.3.1/../../../../arm-atollic-eabi/lib/armv7e-m/fpu\libc_nano.a(lib_a-nano-mallocr.o)
 .ARM.attributes
                0x00000bed       0x34 d:/programy/atollic/truestudio for stm32 9.0.1/armtools/bin/../lib/gcc/arm-atollic-eabi/6.3.1/../../../../arm-atollic-eabi/lib/armv7e-m/fpu\libc_nano.a(lib_a-sbrkr.o)
 .ARM.attributes
                0x00000c21       0x34 d:/programy/atollic/truestudio for stm32 9.0.1/armtools/bin/../lib/gcc/arm-atollic-eabi/6.3.1/../../../../arm-atollic-eabi/lib/armv7e-m/fpu\libc_nano.a(lib_a-sprintf.o)
 .ARM.attributes
                0x00000c55       0x34 d:/programy/atollic/truestudio for stm32 9.0.1/armtools/bin/../lib/gcc/arm-atollic-eabi/6.3.1/../../../../arm-atollic-eabi/lib/armv7e-m/fpu\libc_nano.a(lib_a-impure.o)
 .ARM.attributes
                0x00000c89       0x34 d:/programy/atollic/truestudio for stm32 9.0.1/armtools/bin/../lib/gcc/arm-atollic-eabi/6.3.1/../../../../arm-atollic-eabi/lib/armv7e-m/fpu\libc_nano.a(lib_a-mlock.o)
 .ARM.attributes
                0x00000cbd       0x34 d:/programy/atollic/truestudio for stm32 9.0.1/armtools/bin/../lib/gcc/arm-atollic-eabi/6.3.1/../../../../arm-atollic-eabi/lib/armv7e-m/fpu\libc_nano.a(lib_a-nano-svfprintf.o)
 .ARM.attributes
                0x00000cf1       0x34 d:/programy/atollic/truestudio for stm32 9.0.1/armtools/bin/../lib/gcc/arm-atollic-eabi/6.3.1/../../../../arm-atollic-eabi/lib/armv7e-m/fpu\libc_nano.a(lib_a-nano-vfprintf_i.o)
 .ARM.attributes
                0x00000d25       0x34 d:/programy/atollic/truestudio for stm32 9.0.1/armtools/bin/../lib/gcc/arm-atollic-eabi/6.3.1/../../../../arm-atollic-eabi/lib/armv7e-m/fpu\libc_nano.a(lib_a-reent.o)
 .ARM.attributes
                0x00000d59       0x20 d:/programy/atollic/truestudio for stm32 9.0.1/armtools/bin/../lib/gcc/arm-atollic-eabi/6.3.1/../../../../arm-atollic-eabi/lib/armv7e-m/fpu\libc_nano.a(lib_a-memchr.o)
 .ARM.attributes
                0x00000d79       0x34 d:/programy/atollic/truestudio for stm32 9.0.1/armtools/bin/../lib/gcc/arm-atollic-eabi/6.3.1/../../../../arm-atollic-eabi/lib/armv7e-m/fpu\libc_nano.a(lib_a-memmove.o)
 .ARM.attributes
                0x00000dad       0x34 d:/programy/atollic/truestudio for stm32 9.0.1/armtools/bin/../lib/gcc/arm-atollic-eabi/6.3.1/../../../../arm-atollic-eabi/lib/armv7e-m/fpu\libc_nano.a(lib_a-nano-reallocr.o)
 .ARM.attributes
                0x00000de1       0x34 d:/programy/atollic/truestudio for stm32 9.0.1/armtools/bin/../lib/gcc/arm-atollic-eabi/6.3.1/../../../../arm-atollic-eabi/lib/armv7e-m/fpu\libc_nano.a(lib_a-nano-msizer.o)
 .ARM.attributes
                0x00000e15       0x22 d:/programy/atollic/truestudio for stm32 9.0.1/armtools/bin/../lib/gcc/arm-atollic-eabi/6.3.1/armv7e-m/fpu\libgcc.a(_aeabi_uldivmod.o)
 .ARM.attributes
                0x00000e37       0x34 d:/programy/atollic/truestudio for stm32 9.0.1/armtools/bin/../lib/gcc/arm-atollic-eabi/6.3.1/armv7e-m/fpu\libgcc.a(_udivmoddi4.o)
 .ARM.attributes
                0x00000e6b       0x22 d:/programy/atollic/truestudio for stm32 9.0.1/armtools/bin/../lib/gcc/arm-atollic-eabi/6.3.1/armv7e-m/fpu\libgcc.a(_dvmd_tls.o)
 .ARM.attributes
                0x00000e8d       0x34 d:/programy/atollic/truestudio for stm32 9.0.1/armtools/bin/../lib/gcc/arm-atollic-eabi/6.3.1/../../../../arm-atollic-eabi/lib/armv7e-m/fpu\libnosys.a(sbrk.o)
 .ARM.attributes
                0x00000ec1       0x22 d:/programy/atollic/truestudio for stm32 9.0.1/armtools/bin/../lib/gcc/arm-atollic-eabi/6.3.1/armv7e-m/fpu/crtn.o
OUTPUT(disco.elf elf32-littlearm)

.debug_line     0x00000000    0x10b07
 .debug_line    0x00000000       0x7a Application\TrueSTUDIO\startup_stm32l476xx.o
 .debug_line    0x0000007a      0x2dd Application\User\dac.o
 .debug_line    0x00000357      0x2ee Application\User\dfsdm.o
 .debug_line    0x00000645      0x2a3 Application\User\dma.o
 .debug_line    0x000008e8      0x2b2 Application\User\gpio.o
 .debug_line    0x00000b9a      0x337 Application\User\i2c.o
 .debug_line    0x00000ed1      0x300 Application\User\lcd.o
 .debug_line    0x000011d1      0x6a5 Application\User\main.o
 .debug_line    0x00001876      0x308 Application\User\quadspi.o
 .debug_line    0x00001b7e      0x323 Application\User\sai.o
 .debug_line    0x00001ea1      0x2ff Application\User\spi.o
 .debug_line    0x000021a0      0x23d Application\User\stm32l4xx_hal_msp.o
 .debug_line    0x000023dd      0x356 Application\User\stm32l4xx_it.o
 .debug_line    0x00002733      0x303 Application\User\usart.o
 .debug_line    0x00002a36      0x363 Application\User\usb_host.o
 .debug_line    0x00002d99      0x57b Application\User\usbh_conf.o
 .debug_line    0x00003314      0x277 Application\User\usbh_platform.o