stm32l476g_discovery_audio.c:299:9:BSP_AUDIO_OUT_Init	24	static
stm32l476g_discovery_audio.c:351:9:BSP_AUDIO_OUT_DeInit	8	static
stm32l476g_discovery_audio.c:371:9:BSP_AUDIO_OUT_Play	16	static
stm32l476g_discovery_audio.c:394:9:BSP_AUDIO_OUT_ChangeBuffer	16	static
stm32l476g_discovery_audio.c:414:9:BSP_AUDIO_OUT_Pause	8	static
stm32l476g_discovery_audio.c:439:9:BSP_AUDIO_OUT_Resume	8	static
stm32l476g_discovery_audio.c:465:9:BSP_AUDIO_OUT_Stop	16	static
stm32l476g_discovery_audio.c:494:9:BSP_AUDIO_OUT_SetVolume	16	static
stm32l476g_discovery_audio.c:511:9:BSP_AUDIO_OUT_SetMute	16	static
stm32l476g_discovery_audio.c:529:9:BSP_AUDIO_OUT_SetOutputMode	16	static
stm32l476g_discovery_audio.c:548:9:BSP_AUDIO_OUT_SetFrequency	16	static
stm32l476g_discovery_audio.c:577:6:BSP_AUDIO_OUT_ChangeAudioConfig	16	static
stm32l476g_discovery_audio.c:637:6:BSP_AUDIO_OUT_RegisterCallbacks	24	static
stm32l476g_discovery_audio.c:651:6:HAL_SAI_TxCpltCallback	16	static
stm32l476g_discovery_audio.c:665:6:HAL_SAI_TxHalfCpltCallback	16	static
stm32l476g_discovery_audio.c:679:6:HAL_SAI_ErrorCallback	16	static
stm32l476g_discovery_audio.c:705:9:BSP_AUDIO_IN_Init	24	static
stm32l476g_discovery_audio.c:735:9:BSP_AUDIO_IN_DeInit	8	static
stm32l476g_discovery_audio.c:756:9:BSP_AUDIO_IN_Record	16	static
stm32l476g_discovery_audio.c:790:9:BSP_AUDIO_IN_SetFrequency	16	static
stm32l476g_discovery_audio.c:820:6:HAL_DFSDM_FilterRegConvCpltCallback	24	static
stm32l476g_discovery_audio.c:842:6:HAL_DFSDM_FilterRegConvHalfCpltCallback	24	static
stm32l476g_discovery_audio.c:865:6:HAL_DFSDM_FilterErrorCallback	16	static
stm32l476g_discovery_audio.c:878:9:BSP_AUDIO_IN_Stop	8	static
stm32l476g_discovery_audio.c:900:9:BSP_AUDIO_IN_Pause	8	static
stm32l476g_discovery_audio.c:915:9:BSP_AUDIO_IN_Resume	8	static
stm32l476g_discovery_audio.c:935:6:BSP_AUDIO_IN_RegisterCallbacks	24	static
stm32l476g_discovery_audio.c:958:16:AUDIO_SAIx_Init	16	static
stm32l476g_discovery_audio.c:1024:16:AUDIO_SAIx_DeInit	8	static
stm32l476g_discovery_audio.c:1058:13:AUDIO_CODEC_Reset	8	static
stm32l476g_discovery_audio.c:1079:16:AUDIO_DFSDMx_Init	16	static
stm32l476g_discovery_audio.c:1142:16:AUDIO_DFSDMx_DeInit	8	static
stm32l476g_discovery_audio.c:1184:6:HAL_DFSDM_FilterMspInit	24	static
stm32l476g_discovery_audio.c:1223:6:HAL_DFSDM_FilterMspDeInit	16	static
stm32l476g_discovery_audio.c:1243:16:AUDIO_SAIPLLConfig	152	static
