lsm303c.c:134:6:LSM303C_AccInit	24	static
lsm303c.c:155:6:LSM303C_AccDeInit	4	static
lsm303c.c:164:9:LSM303C_AccReadID	16	static
lsm303c.c:186:6:LSM303C_AccLowPower	24	static
lsm303c.c:208:6:LSM303C_AccFilterConfig	24	static
lsm303c.c:227:6:LSM303C_AccReadXYZ	40	static
lsm303c.c:284:6:LSM303C_MagInit	16	static
lsm303c.c:298:6:LSM303C_MagDeInit	4	static
lsm303c.c:307:9:LSM303C_MagReadID	8	static
lsm303c.c:325:6:LSM303C_MagLowPower	24	static
lsm303c.c:347:9:LSM303C_MagGetDataStatus	8	static
lsm303c.c:358:6:LSM303C_MagReadXYZ	24	static
